Archive member included to satisfy reference by file (symbol)

C:/Users/tjwar/.pico-sdk/toolchain/13_2_Rel1/bin/../lib/gcc/arm-none-eabi/13.2.1/thumb/v6-m/nofp\libgcc.a(_dvmd_tls.o)
                              CMakeFiles/blink.dir/C_/Users/tjwar/.pico-sdk/sdk/2.0.0/src/rp2_common/pico_divider/divider_hardware.S.obj (__aeabi_idiv0)
C:/Users/tjwar/.pico-sdk/toolchain/13_2_Rel1/bin/../lib/gcc/arm-none-eabi/13.2.1/thumb/v6-m/nofp\libg.a(libc_a-calloc.o)
                              CMakeFiles/blink.dir/C_/Users/tjwar/.pico-sdk/sdk/2.0.0/src/rp2_common/pico_malloc/malloc.c.obj (calloc)
C:/Users/tjwar/.pico-sdk/toolchain/13_2_Rel1/bin/../lib/gcc/arm-none-eabi/13.2.1/thumb/v6-m/nofp\libg.a(libc_a-callocr.o)
                              C:/Users/tjwar/.pico-sdk/toolchain/13_2_Rel1/bin/../lib/gcc/arm-none-eabi/13.2.1/thumb/v6-m/nofp\libg.a(libc_a-calloc.o) (_calloc_r)
C:/Users/tjwar/.pico-sdk/toolchain/13_2_Rel1/bin/../lib/gcc/arm-none-eabi/13.2.1/thumb/v6-m/nofp\libg.a(libc_a-malloc.o)
                              CMakeFiles/blink.dir/C_/Users/tjwar/.pico-sdk/sdk/2.0.0/src/rp2_common/pico_malloc/malloc.c.obj (malloc)
C:/Users/tjwar/.pico-sdk/toolchain/13_2_Rel1/bin/../lib/gcc/arm-none-eabi/13.2.1/thumb/v6-m/nofp\libg.a(libc_a-mallocr.o)
                              C:/Users/tjwar/.pico-sdk/toolchain/13_2_Rel1/bin/../lib/gcc/arm-none-eabi/13.2.1/thumb/v6-m/nofp\libg.a(libc_a-callocr.o) (_malloc_r)
C:/Users/tjwar/.pico-sdk/toolchain/13_2_Rel1/bin/../lib/gcc/arm-none-eabi/13.2.1/thumb/v6-m/nofp\libg.a(libc_a-mlock.o)
                              C:/Users/tjwar/.pico-sdk/toolchain/13_2_Rel1/bin/../lib/gcc/arm-none-eabi/13.2.1/thumb/v6-m/nofp\libg.a(libc_a-mallocr.o) (__malloc_lock)
C:/Users/tjwar/.pico-sdk/toolchain/13_2_Rel1/bin/../lib/gcc/arm-none-eabi/13.2.1/thumb/v6-m/nofp\libg.a(libc_a-realloc.o)
                              CMakeFiles/blink.dir/C_/Users/tjwar/.pico-sdk/sdk/2.0.0/src/rp2_common/pico_malloc/malloc.c.obj (realloc)
C:/Users/tjwar/.pico-sdk/toolchain/13_2_Rel1/bin/../lib/gcc/arm-none-eabi/13.2.1/thumb/v6-m/nofp\libg.a(libc_a-reallocr.o)
                              C:/Users/tjwar/.pico-sdk/toolchain/13_2_Rel1/bin/../lib/gcc/arm-none-eabi/13.2.1/thumb/v6-m/nofp\libg.a(libc_a-realloc.o) (_realloc_r)
C:/Users/tjwar/.pico-sdk/toolchain/13_2_Rel1/bin/../lib/gcc/arm-none-eabi/13.2.1/thumb/v6-m/nofp\libg.a(libc_a-memcmp.o)
                              CMakeFiles/blink.dir/C_/Users/tjwar/.pico-sdk/sdk/2.0.0/src/rp2_common/pico_atomic/atomic.c.obj (memcmp)
C:/Users/tjwar/.pico-sdk/toolchain/13_2_Rel1/bin/../lib/gcc/arm-none-eabi/13.2.1/thumb/v6-m/nofp\libg.a(libc_a-memmove.o)
                              CMakeFiles/blink.dir/C_/Users/tjwar/.pico-sdk/sdk/2.0.0/lib/cyw43-driver/src/cyw43_ll.c.obj (memmove)
C:/Users/tjwar/.pico-sdk/toolchain/13_2_Rel1/bin/../lib/gcc/arm-none-eabi/13.2.1/thumb/v6-m/nofp\libg.a(libc_a-strncmp.o)
                              CMakeFiles/blink.dir/C_/Users/tjwar/.pico-sdk/sdk/2.0.0/lib/cyw43-driver/src/cyw43_ll.c.obj (strncmp)
C:/Users/tjwar/.pico-sdk/toolchain/13_2_Rel1/bin/../lib/gcc/arm-none-eabi/13.2.1/thumb/v6-m/nofp\libg.a(libc_a-lcltime_r.o)
                              CMakeFiles/blink.dir/C_/Users/tjwar/.pico-sdk/sdk/2.0.0/src/common/pico_util/datetime.c.obj (localtime_r)
C:/Users/tjwar/.pico-sdk/toolchain/13_2_Rel1/bin/../lib/gcc/arm-none-eabi/13.2.1/thumb/v6-m/nofp\libg.a(libc_a-mktime.o)
                              CMakeFiles/blink.dir/C_/Users/tjwar/.pico-sdk/sdk/2.0.0/src/common/pico_util/datetime.c.obj (mktime)
C:/Users/tjwar/.pico-sdk/toolchain/13_2_Rel1/bin/../lib/gcc/arm-none-eabi/13.2.1/thumb/v6-m/nofp\libg.a(libc_a-month_lengths.o)
                              C:/Users/tjwar/.pico-sdk/toolchain/13_2_Rel1/bin/../lib/gcc/arm-none-eabi/13.2.1/thumb/v6-m/nofp\libg.a(libc_a-lcltime_r.o) (__month_lengths)
C:/Users/tjwar/.pico-sdk/toolchain/13_2_Rel1/bin/../lib/gcc/arm-none-eabi/13.2.1/thumb/v6-m/nofp\libg.a(libc_a-tzcalc_limits.o)
                              C:/Users/tjwar/.pico-sdk/toolchain/13_2_Rel1/bin/../lib/gcc/arm-none-eabi/13.2.1/thumb/v6-m/nofp\libg.a(libc_a-lcltime_r.o) (__tzcalc_limits)
C:/Users/tjwar/.pico-sdk/toolchain/13_2_Rel1/bin/../lib/gcc/arm-none-eabi/13.2.1/thumb/v6-m/nofp\libg.a(libc_a-tzlock.o)
                              C:/Users/tjwar/.pico-sdk/toolchain/13_2_Rel1/bin/../lib/gcc/arm-none-eabi/13.2.1/thumb/v6-m/nofp\libg.a(libc_a-lcltime_r.o) (__tz_lock)
C:/Users/tjwar/.pico-sdk/toolchain/13_2_Rel1/bin/../lib/gcc/arm-none-eabi/13.2.1/thumb/v6-m/nofp\libg.a(libc_a-tzset.o)
                              C:/Users/tjwar/.pico-sdk/toolchain/13_2_Rel1/bin/../lib/gcc/arm-none-eabi/13.2.1/thumb/v6-m/nofp\libg.a(libc_a-lcltime_r.o) (_tzset_unlocked)
C:/Users/tjwar/.pico-sdk/toolchain/13_2_Rel1/bin/../lib/gcc/arm-none-eabi/13.2.1/thumb/v6-m/nofp\libg.a(libc_a-tzset_r.o)
                              C:/Users/tjwar/.pico-sdk/toolchain/13_2_Rel1/bin/../lib/gcc/arm-none-eabi/13.2.1/thumb/v6-m/nofp\libg.a(libc_a-tzset.o) (_tzset_unlocked_r)
[...]
Memory Configuration

Name             Origin             Length             Attributes
FLASH            0x10000000         0x00200000         xr
RAM              0x20000000         0x00040000         xrw
SCRATCH_X        0x20040000         0x00001000         xrw
SCRATCH_Y        0x20041000         0x00001000         xrw
*default*        0x00000000         0xffffffff

Linker script and memory map

LOAD C:/Users/tjwar/.pico-sdk/toolchain/13_2_Rel1/bin/../lib/gcc/arm-none-eabi/13.2.1/thumb/v6-m/nofp/crti.o
LOAD C:/Users/tjwar/.pico-sdk/toolchain/13_2_Rel1/bin/../lib/gcc/arm-none-eabi/13.2.1/thumb/v6-m/nofp/crtbegin.o
LOAD C:/Users/tjwar/.pico-sdk/toolchain/13_2_Rel1/bin/../lib/gcc/arm-none-eabi/13.2.1/thumb/v6-m/nofp/crt0.o

.flash_begin    0x10000000        0x0
                0x10000000                        __flash_binary_start = .

.boot2          0x10000000      0x100
                0x10000000                        __boot2_start__ = .
 *(.boot2)
 .boot2         0x10000000      0x100 C:\Users\tjwar\AppData\Local\Temp\ccQmHQdK.o
                0x10000100                        __boot2_end__ = .
                0x00000001                        ASSERT (((__boot2_end__ - __boot2_start__) == 0x100), ERROR: Pico second stage bootloader must be 256 bytes in size)

.text           0x10000100     0x6ccc
                0x10000100                        __logical_binary_start = .
 *(.vectors)
 .vectors       0x10000100       0xd4 CMakeFiles/blink.dir/C_/Users/tjwar/.pico-sdk/sdk/2.0.0/src/rp2_common/pico_crt0/crt0.S.obj
                0x10000100                __VECTOR_TABLE
                0x10000100                __vectors
                0x100001c0                isr_invalid
                0x100001c0                __default_isrs_start
                0x100001c2                isr_nmi
                0x100001c4                isr_hardfault
                0x100001c6                isr_svcall
                0x100001c8                isr_pendsv
                0x100001ca                isr_systick
                0x100001cc                isr_irq23
                0x100001cc                isr_irq18
                0x100001cc                isr_irq11
                0x100001cc                isr_irq28
                0x100001cc                isr_irq19
                0x100001cc                isr_irq0
                0x100001cc                isr_irq6
                0x100001cc                isr_irq5
                0x100001cc                isr_irq12
                0x100001cc                isr_irq22
                0x100001cc                isr_irq31
                0x100001cc                isr_irq17
                0x100001cc                isr_irq27
                0x100001cc                isr_irq30
                0x100001cc                isr_irq2
                0x100001cc                isr_irq10
                0x100001cc                isr_irq8
                0x100001cc                isr_irq24
                0x100001cc                isr_irq1
                0x100001cc                isr_irq7
                0x100001cc                isr_irq21
                0x100001cc                isr_irq20
                0x100001cc                isr_irq15
                0x100001cc                isr_irq25
                0x100001cc                isr_irq13
                0x100001cc                __unhandled_user_irq
                0x100001cc                isr_irq4
                0x100001cc                isr_irq16
                0x100001cc                isr_irq29
                0x100001cc                isr_irq26
                0x100001cc                __default_isrs_end
                0x100001cc                isr_irq3
                0x100001cc                isr_irq14
                0x100001cc                isr_irq9
                0x100001d2                unhandled_user_irq_num_in_r0
 *(.binary_info_header)
 .binary_info_header
                0x100001d4       0x14 CMakeFiles/blink.dir/C_/Users/tjwar/.pico-sdk/sdk/2.0.0/src/rp2_common/pico_crt0/crt0.S.obj
                0x100001e8                        __binary_info_header_end = .
 *(.embedded_block)
                0x100001e8                        __embedded_block_end = .
 *(.reset)
 .reset         0x100001e8       0x9c CMakeFiles/blink.dir/C_/Users/tjwar/.pico-sdk/sdk/2.0.0/src/rp2_common/pico_crt0/crt0.S.obj
                0x100001e8                _entry_point
 *(.init)
 .init          0x10000284        0x4 C:/Users/tjwar/.pico-sdk/toolchain/13_2_Rel1/bin/../lib/gcc/arm-none-eabi/13.2.1/thumb/v6-m/nofp/crti.o
                0x10000284                _init
 *(EXCLUDE_FILE(*libm.a: *libc.a:*lib_a-mem*.o *libgcc.a:) .text*)
 .text.register_tm_clones
                0x10000288       0x28 C:/Users/tjwar/.pico-sdk/toolchain/13_2_Rel1/bin/../lib/gcc/arm-none-eabi/13.2.1/thumb/v6-m/nofp/crtbegin.o
 .text.frame_dummy
                0x100002b0       0x24 C:/Users/tjwar/.pico-sdk/toolchain/13_2_Rel1/bin/../lib/gcc/arm-none-eabi/13.2.1/thumb/v6-m/nofp/crtbegin.o
 .text.pico_led_init
                0x100002d4        0x8 CMakeFiles/blink.dir/blink.c.obj
                0x100002d4                pico_led_init
 .text.pico_set_led
                0x100002dc        0xc CMakeFiles/blink.dir/blink.c.obj
                0x100002dc                pico_set_led
 .text.main     0x100002e8       0x3c CMakeFiles/blink.dir/blink.c.obj
                0x100002e8                main
 .text.gpio_set_function
                0x10000324       0x34 CMakeFiles/blink.dir/C_/Users/tjwar/.pico-sdk/sdk/2.0.0/src/rp2_common/hardware_gpio/gpio.c.obj
                0x10000324                gpio_set_function
 .text.gpio_set_pulls
                0x10000358       0x38 CMakeFiles/blink.dir/C_/Users/tjwar/.pico-sdk/sdk/2.0.0/src/rp2_common/hardware_gpio/gpio.c.obj
                0x10000358                gpio_set_pulls
 .text.gpio_set_input_hysteresis_enabled
                0x10000390       0x28 CMakeFiles/blink.dir/C_/Users/tjwar/.pico-sdk/sdk/2.0.0/src/rp2_common/hardware_gpio/gpio.c.obj
                0x10000390                gpio_set_input_hysteresis_enabled
 .text.gpio_add_raw_irq_handler_with_order_priority_masked
                0x100003b8       0x40 CMakeFiles/blink.dir/C_/Users/tjwar/.pico-sdk/sdk/2.0.0/src/rp2_common/hardware_gpio/gpio.c.obj
                0x100003b8                gpio_add_raw_irq_handler_with_order_priority_masked
 .text.gpio_remove_raw_irq_handler_masked
                0x100003f8       0x48 CMakeFiles/blink.dir/C_/Users/tjwar/.pico-sdk/sdk/2.0.0/src/rp2_common/hardware_gpio/gpio.c.obj
                0x100003f8                gpio_remove_raw_irq_handler_masked
 .text.gpio_acknowledge_irq
                0x10000440       0x18 CMakeFiles/blink.dir/C_/Users/tjwar/.pico-sdk/sdk/2.0.0/src/rp2_common/hardware_gpio/gpio.c.obj
                0x10000440                gpio_acknowledge_irq
 .text._gpio_set_irq_enabled
                0x10000458       0x38 CMakeFiles/blink.dir/C_/Users/tjwar/.pico-sdk/sdk/2.0.0/src/rp2_common/hardware_gpio/gpio.c.obj
 .text.gpio_set_irq_enabled
                0x10000490       0x64 CMakeFiles/blink.dir/C_/Users/tjwar/.pico-sdk/sdk/2.0.0/src/rp2_common/hardware_gpio/gpio.c.obj
                0x10000490                gpio_set_irq_enabled
 .text.gpio_init
                0x100004f4       0x16 CMakeFiles/blink.dir/C_/Users/tjwar/.pico-sdk/sdk/2.0.0/src/rp2_common/hardware_gpio/gpio.c.obj
                0x100004f4                gpio_init
 *fill*         0x1000050a        0x2 
 .text.panic    0x1000050c       0x30 CMakeFiles/blink.dir/C_/Users/tjwar/.pico-sdk/sdk/2.0.0/src/rp2_common/pico_platform_panic/panic.c.obj
                0x1000050c                panic
 .text.hw_claim_lock
                0x1000053c       0x18 CMakeFiles/blink.dir/C_/Users/tjwar/.pico-sdk/sdk/2.0.0/src/common/hardware_claim/claim.c.obj
                0x1000053c                hw_claim_lock
 .text.hw_claim_unlock
                0x10000554       0x14 CMakeFiles/blink.dir/C_/Users/tjwar/.pico-sdk/sdk/2.0.0/src/common/hardware_claim/claim.c.obj
                0x10000554                hw_claim_unlock
 .text.hw_claim_or_assert
                0x10000568       0x32 CMakeFiles/blink.dir/C_/Users/tjwar/.pico-sdk/sdk/2.0.0/src/common/hardware_claim/claim.c.obj
                0x10000568                hw_claim_or_assert
 .text.hw_claim_unused_from_range
                0x1000059a       0x50 CMakeFiles/blink.dir/C_/Users/tjwar/.pico-sdk/sdk/2.0.0/src/common/hardware_claim/claim.c.obj
                0x1000059a                hw_claim_unused_from_range
 *fill*         0x100005ea        0x2 
 .text.hw_claim_clear
                0x100005ec       0x40 CMakeFiles/blink.dir/C_/Users/tjwar/.pico-sdk/sdk/2.0.0/src/common/hardware_claim/claim.c.obj
                0x100005ec                hw_claim_clear
 .text.next_striped_spin_lock_num
                0x1000062c       0x1c CMakeFiles/blink.dir/C_/Users/tjwar/.pico-sdk/sdk/2.0.0/src/rp2_common/hardware_sync/sync.c.obj
                0x1000062c                next_striped_spin_lock_num
 .text.spin_locks_reset
                0x10000648       0x20 CMakeFiles/blink.dir/C_/Users/tjwar/.pico-sdk/sdk/2.0.0/src/rp2_common/hardware_sync_spin_lock/sync_spin_lock.c.obj
                0x10000648                spin_locks_reset
 .text.set_raw_irq_handler_and_unlock
                0x10000668       0x28 CMakeFiles/blink.dir/C_/Users/tjwar/.pico-sdk/sdk/2.0.0/src/rp2_common/hardware_irq/irq.c.obj
 .text.nvic_ipr0
                0x10000690        0x8 CMakeFiles/blink.dir/C_/Users/tjwar/.pico-sdk/sdk/2.0.0/src/rp2_common/hardware_irq/irq.c.obj
 .text.runtime_init_per_core_irq_priorities
                0x10000698       0x1c CMakeFiles/blink.dir/C_/Users/tjwar/.pico-sdk/sdk/2.0.0/src/rp2_common/hardware_irq/irq.c.obj
                0x10000698                runtime_init_per_core_irq_priorities
 .text.get_user_irq_claim_index
                0x100006b4        0x6 CMakeFiles/blink.dir/C_/Users/tjwar/.pico-sdk/sdk/2.0.0/src/rp2_common/hardware_irq/irq.c.obj
 *fill*         0x100006ba        0x2 
 .text.resolve_j_16
                0x100006bc       0x30 CMakeFiles/blink.dir/C_/Users/tjwar/.pico-sdk/sdk/2.0.0/src/rp2_common/hardware_irq/irq.c.obj
 .text.make_j_16
                0x100006ec       0x48 CMakeFiles/blink.dir/C_/Users/tjwar/.pico-sdk/sdk/2.0.0/src/rp2_common/hardware_irq/irq.c.obj
 .text.insert_bl_32
                0x10000734       0x40 CMakeFiles/blink.dir/C_/Users/tjwar/.pico-sdk/sdk/2.0.0/src/rp2_common/hardware_irq/irq.c.obj
 .text.irq_is_enabled
                0x10000774       0x18 CMakeFiles/blink.dir/C_/Users/tjwar/.pico-sdk/sdk/2.0.0/src/rp2_common/hardware_irq/irq.c.obj
                0x10000774                irq_is_enabled
 .text.irq_set_mask_n_enabled
                0x1000078c       0x1c CMakeFiles/blink.dir/C_/Users/tjwar/.pico-sdk/sdk/2.0.0/src/rp2_common/hardware_irq/irq.c.obj
                0x1000078c                irq_set_mask_n_enabled
 .text.irq_set_enabled
                0x100007a8       0x14 CMakeFiles/blink.dir/C_/Users/tjwar/.pico-sdk/sdk/2.0.0/src/rp2_common/hardware_irq/irq.c.obj
                0x100007a8                irq_set_enabled
 .text.irq_set_pending
                0x100007bc       0x10 CMakeFiles/blink.dir/C_/Users/tjwar/.pico-sdk/sdk/2.0.0/src/rp2_common/hardware_irq/irq.c.obj
                0x100007bc                irq_set_pending
 .text.irq_get_vtable_handler
                0x100007cc       0x10 CMakeFiles/blink.dir/C_/Users/tjwar/.pico-sdk/sdk/2.0.0/src/rp2_common/hardware_irq/irq.c.obj
                0x100007cc                irq_get_vtable_handler
 .text.irq_set_exclusive_handler
                0x100007dc       0x54 CMakeFiles/blink.dir/C_/Users/tjwar/.pico-sdk/sdk/2.0.0/src/rp2_common/hardware_irq/irq.c.obj
                0x100007dc                irq_set_exclusive_handler
 .text.irq_add_shared_handler
                0x10000830      0x218 CMakeFiles/blink.dir/C_/Users/tjwar/.pico-sdk/sdk/2.0.0/src/rp2_common/hardware_irq/irq.c.obj
                0x10000830                irq_add_shared_handler
 .text.irq_remove_handler
                0x10000a48      0x18c CMakeFiles/blink.dir/C_/Users/tjwar/.pico-sdk/sdk/2.0.0/src/rp2_common/hardware_irq/irq.c.obj
                0x10000a48                irq_remove_handler
 .text.irq_set_priority
                0x10000bd4       0x26 CMakeFiles/blink.dir/C_/Users/tjwar/.pico-sdk/sdk/2.0.0/src/rp2_common/hardware_irq/irq.c.obj
                0x10000bd4                irq_set_priority
 *fill*         0x10000bfa        0x2 
 .text.irq_add_tail_to_free_list
                0x10000bfc       0xf4 CMakeFiles/blink.dir/C_/Users/tjwar/.pico-sdk/sdk/2.0.0/src/rp2_common/hardware_irq/irq.c.obj
                0x10000bfc                irq_add_tail_to_free_list
 .text.user_irq_unclaim
                0x10000cf0       0x18 CMakeFiles/blink.dir/C_/Users/tjwar/.pico-sdk/sdk/2.0.0/src/rp2_common/hardware_irq/irq.c.obj
                0x10000cf0                user_irq_unclaim
 .text.user_irq_claim_unused
                0x10000d08       0x2c CMakeFiles/blink.dir/C_/Users/tjwar/.pico-sdk/sdk/2.0.0/src/rp2_common/hardware_irq/irq.c.obj
                0x10000d08                user_irq_claim_unused
 .text.sem_init
                0x10000d34       0x1e CMakeFiles/blink.dir/C_/Users/tjwar/.pico-sdk/sdk/2.0.0/src/common/pico_sync/sem.c.obj
                0x10000d34                sem_init
 *fill*         0x10000d52        0x2 
 .text.lock_init
                0x10000d54       0x10 CMakeFiles/blink.dir/C_/Users/tjwar/.pico-sdk/sdk/2.0.0/src/common/pico_sync/lock_core.c.obj
                0x10000d54                lock_init
 .text.mutex_init
                0x10000d64       0x1a CMakeFiles/blink.dir/C_/Users/tjwar/.pico-sdk/sdk/2.0.0/src/common/pico_sync/mutex.c.obj
                0x10000d64                mutex_init
 .text.recursive_mutex_init
                0x10000d7e       0x1e CMakeFiles/blink.dir/C_/Users/tjwar/.pico-sdk/sdk/2.0.0/src/common/pico_sync/mutex.c.obj
                0x10000d7e                recursive_mutex_init
 .text.runtime_init_mutex
                0x10000d9c       0x4c CMakeFiles/blink.dir/C_/Users/tjwar/.pico-sdk/sdk/2.0.0/src/common/pico_sync/mutex.c.obj
                0x10000d9c                runtime_init_mutex
 .text.make_alarm_id
                0x10000de8        0x6 CMakeFiles/blink.dir/C_/Users/tjwar/.pico-sdk/sdk/2.0.0/src/common/pico_time/time.c.obj
 *fill*         0x10000dee        0x2 
 .text.sleep_until_callback
                0x10000df0       0x30 CMakeFiles/blink.dir/C_/Users/tjwar/.pico-sdk/sdk/2.0.0/src/common/pico_time/time.c.obj
 .text.alarm_pool_irq_handler
                0x10000e20      0x2e0 CMakeFiles/blink.dir/C_/Users/tjwar/.pico-sdk/sdk/2.0.0/src/common/pico_time/time.c.obj
 .text.ta_enable_irq_handler
                0x10001100       0x2c CMakeFiles/blink.dir/C_/Users/tjwar/.pico-sdk/sdk/2.0.0/src/common/pico_time/time.c.obj
 .text.alarm_pool_post_alloc_init
                0x1000112c       0x78 CMakeFiles/blink.dir/C_/Users/tjwar/.pico-sdk/sdk/2.0.0/src/common/pico_time/time.c.obj
 .text.alarm_pool_get_default
                0x100011a4       0x2c CMakeFiles/blink.dir/C_/Users/tjwar/.pico-sdk/sdk/2.0.0/src/common/pico_time/time.c.obj
                0x100011a4                alarm_pool_get_default
 .text.alarm_pool_add_alarm_at_force_in_context
                0x100011d0       0xa4 CMakeFiles/blink.dir/C_/Users/tjwar/.pico-sdk/sdk/2.0.0/src/common/pico_time/time.c.obj
                0x100011d0                alarm_pool_add_alarm_at_force_in_context
 .text.alarm_pool_add_alarm_at
                0x10001274       0x3c CMakeFiles/blink.dir/C_/Users/tjwar/.pico-sdk/sdk/2.0.0/src/common/pico_time/time.c.obj
                0x10001274                alarm_pool_add_alarm_at
 .text.add_alarm_at
                0x100012b0       0x2e CMakeFiles/blink.dir/C_/Users/tjwar/.pico-sdk/sdk/2.0.0/src/common/pico_time/time.c.obj
 *fill*         0x100012de        0x2 
 .text.alarm_pool_cancel_alarm
                0x100012e0       0x78 CMakeFiles/blink.dir/C_/Users/tjwar/.pico-sdk/sdk/2.0.0/src/common/pico_time/time.c.obj
                0x100012e0                alarm_pool_cancel_alarm
 .text.cancel_alarm
                0x10001358       0x10 CMakeFiles/blink.dir/C_/Users/tjwar/.pico-sdk/sdk/2.0.0/src/common/pico_time/time.c.obj
 .text.alarm_pool_core_num
                0x10001368        0x4 CMakeFiles/blink.dir/C_/Users/tjwar/.pico-sdk/sdk/2.0.0/src/common/pico_time/time.c.obj
                0x10001368                alarm_pool_core_num
 .text.sleep_until
                0x1000136c       0xc0 CMakeFiles/blink.dir/C_/Users/tjwar/.pico-sdk/sdk/2.0.0/src/common/pico_time/time.c.obj
                0x1000136c                sleep_until
 .text.sleep_us
                0x1000142c       0x24 CMakeFiles/blink.dir/C_/Users/tjwar/.pico-sdk/sdk/2.0.0/src/common/pico_time/time.c.obj
                0x1000142c                sleep_us
 .text.sleep_ms
                0x10001450       0x14 CMakeFiles/blink.dir/C_/Users/tjwar/.pico-sdk/sdk/2.0.0/src/common/pico_time/time.c.obj
                0x10001450                sleep_ms
 .text.best_effort_wfe_or_timeout
                0x10001464       0xc4 CMakeFiles/blink.dir/C_/Users/tjwar/.pico-sdk/sdk/2.0.0/src/common/pico_time/time.c.obj
                0x10001464                best_effort_wfe_or_timeout
 .text.alarm_pool_get_default_timer
                0x10001528        0x8 CMakeFiles/blink.dir/C_/Users/tjwar/.pico-sdk/sdk/2.0.0/src/common/pico_time/time.c.obj
                0x10001528                alarm_pool_get_default_timer
 .text.runtime_init_default_alarm_pool
                0x10001530       0x38 CMakeFiles/blink.dir/C_/Users/tjwar/.pico-sdk/sdk/2.0.0/src/common/pico_time/time.c.obj
                0x10001530                runtime_init_default_alarm_pool
 .text.timer_hardware_alarm_claim
                0x10001568       0x14 CMakeFiles/blink.dir/C_/Users/tjwar/.pico-sdk/sdk/2.0.0/src/rp2_common/hardware_timer/timer.c.obj
                0x10001568                timer_hardware_alarm_claim
 .text.timer_time_us_64
                0x1000157c       0x10 CMakeFiles/blink.dir/C_/Users/tjwar/.pico-sdk/sdk/2.0.0/src/rp2_common/hardware_timer/timer.c.obj
                0x1000157c                timer_time_us_64
 .text.timer_busy_wait_until
                0x1000158c       0x1a CMakeFiles/blink.dir/C_/Users/tjwar/.pico-sdk/sdk/2.0.0/src/rp2_common/hardware_timer/timer.c.obj
                0x1000158c                timer_busy_wait_until
 *fill*         0x100015a6        0x2 
 .text.time_us_64
                0x100015a8       0x10 CMakeFiles/blink.dir/C_/Users/tjwar/.pico-sdk/sdk/2.0.0/src/rp2_common/hardware_timer/timer.c.obj
                0x100015a8                time_us_64
 .text.busy_wait_until
                0x100015b8       0x14 CMakeFiles/blink.dir/C_/Users/tjwar/.pico-sdk/sdk/2.0.0/src/rp2_common/hardware_timer/timer.c.obj
                0x100015b8                busy_wait_until
 .text.clock_configure_internal
                0x100015cc       0xc4 CMakeFiles/blink.dir/C_/Users/tjwar/.pico-sdk/sdk/2.0.0/src/rp2_common/hardware_clocks/clocks.c.obj
 .text.clock_configure_int_divider
                0x10001690       0x28 CMakeFiles/blink.dir/C_/Users/tjwar/.pico-sdk/sdk/2.0.0/src/rp2_common/hardware_clocks/clocks.c.obj
                0x10001690                clock_configure_int_divider
 .text.clock_configure_undivided
                0x100016b8       0x12 CMakeFiles/blink.dir/C_/Users/tjwar/.pico-sdk/sdk/2.0.0/src/rp2_common/hardware_clocks/clocks.c.obj
                0x100016b8                clock_configure_undivided
 *fill*         0x100016ca        0x2 
 .text.clock_get_hz
                0x100016cc        0xc CMakeFiles/blink.dir/C_/Users/tjwar/.pico-sdk/sdk/2.0.0/src/rp2_common/hardware_clocks/clocks.c.obj
                0x100016cc                clock_get_hz
 .text.pll_init
                0x100016d8      0x124 CMakeFiles/blink.dir/C_/Users/tjwar/.pico-sdk/sdk/2.0.0/src/rp2_common/hardware_pll/pll.c.obj
                0x100016d8                pll_init
 .text.tick_start
                0x100017fc       0x10 CMakeFiles/blink.dir/C_/Users/tjwar/.pico-sdk/sdk/2.0.0/src/rp2_common/hardware_ticks/ticks.c.obj
                0x100017fc                tick_start
 .text.xosc_init
                0x1000180c       0x28 CMakeFiles/blink.dir/C_/Users/tjwar/.pico-sdk/sdk/2.0.0/src/rp2_common/hardware_xosc/xosc.c.obj
                0x1000180c                xosc_init
 .text.runtime_run_initializers_from
                0x10001834       0x18 CMakeFiles/blink.dir/C_/Users/tjwar/.pico-sdk/sdk/2.0.0/src/rp2_common/pico_runtime/runtime.c.obj
 .text.first_per_core_initializer
                0x1000184c        0x2 CMakeFiles/blink.dir/C_/Users/tjwar/.pico-sdk/sdk/2.0.0/src/rp2_common/pico_runtime/runtime.c.obj
 *fill*         0x1000184e        0x2 
 .text.runtime_run_initializers
                0x10001850       0x10 CMakeFiles/blink.dir/C_/Users/tjwar/.pico-sdk/sdk/2.0.0/src/rp2_common/pico_runtime/runtime.c.obj
                0x10001850                runtime_run_initializers
 .text.runtime_init_early_resets
                0x10001860       0x2c CMakeFiles/blink.dir/C_/Users/tjwar/.pico-sdk/sdk/2.0.0/src/rp2_common/pico_runtime_init/runtime_init.c.obj
                0x10001860                runtime_init_early_resets
 .text.runtime_init_usb_power_down
                0x1000188c       0x1c CMakeFiles/blink.dir/C_/Users/tjwar/.pico-sdk/sdk/2.0.0/src/rp2_common/pico_runtime_init/runtime_init.c.obj
                0x1000188c                runtime_init_usb_power_down
 .text.runtime_init_post_clock_resets
                0x100018a8       0x20 CMakeFiles/blink.dir/C_/Users/tjwar/.pico-sdk/sdk/2.0.0/src/rp2_common/pico_runtime_init/runtime_init.c.obj
                0x100018a8                runtime_init_post_clock_resets
 .text.runtime_init_rp2040_gpio_ie_disable
                0x100018c8       0x14 CMakeFiles/blink.dir/C_/Users/tjwar/.pico-sdk/sdk/2.0.0/src/rp2_common/pico_runtime_init/runtime_init.c.obj
                0x100018c8                runtime_init_rp2040_gpio_ie_disable
 .text.runtime_init_spin_locks_reset
                0x100018dc        0x8 CMakeFiles/blink.dir/C_/Users/tjwar/.pico-sdk/sdk/2.0.0/src/rp2_common/pico_runtime_init/runtime_init.c.obj
                0x100018dc                runtime_init_spin_locks_reset
 .text.runtime_init_install_ram_vector_table
                0x100018e4       0x1c CMakeFiles/blink.dir/C_/Users/tjwar/.pico-sdk/sdk/2.0.0/src/rp2_common/pico_runtime_init/runtime_init.c.obj
                0x100018e4                runtime_init_install_ram_vector_table
 .text.start_all_ticks
                0x10001900       0x28 CMakeFiles/blink.dir/C_/Users/tjwar/.pico-sdk/sdk/2.0.0/src/rp2_common/pico_runtime_init/runtime_init_clocks.c.obj
 .text.runtime_init_clocks
                0x10001928       0xcc CMakeFiles/blink.dir/C_/Users/tjwar/.pico-sdk/sdk/2.0.0/src/rp2_common/pico_runtime_init/runtime_init_clocks.c.obj
                0x10001928                runtime_init_clocks
 .text          0x100019f4       0x10 CMakeFiles/blink.dir/C_/Users/tjwar/.pico-sdk/sdk/2.0.0/src/rp2_common/pico_bit_ops/bit_ops_aeabi.S.obj
 .text.ctzsi    0x10001a04        0xc CMakeFiles/blink.dir/C_/Users/tjwar/.pico-sdk/sdk/2.0.0/src/rp2_common/pico_bit_ops/bit_ops_aeabi.S.obj
                0x10001a04                __wrap___ctzsi2
 .text.rom_func_lookup
                0x10001a10       0x10 CMakeFiles/blink.dir/C_/Users/tjwar/.pico-sdk/sdk/2.0.0/src/rp2_common/pico_bootrom/bootrom.c.obj
                0x10001a10                rom_func_lookup
 .text.rom_data_lookup
                0x10001a20       0x10 CMakeFiles/blink.dir/C_/Users/tjwar/.pico-sdk/sdk/2.0.0/src/rp2_common/pico_bootrom/bootrom.c.obj
                0x10001a20                rom_data_lookup
 .text.rom_funcs_lookup
                0x10001a30       0x36 CMakeFiles/blink.dir/C_/Users/tjwar/.pico-sdk/sdk/2.0.0/src/rp2_common/pico_bootrom/bootrom.c.obj
                0x10001a30                rom_funcs_lookup
 *fill*         0x10001a66        0x2 
 .text.__wrap___aeabi_idiv
                0x10001a68       0x50 CMakeFiles/blink.dir/C_/Users/tjwar/.pico-sdk/sdk/2.0.0/src/rp2_common/pico_divider/divider_hardware.S.obj
                0x10001a68                __wrap___aeabi_idivmod
                0x10001a68                divmod_s32s32
                0x10001a68                div_s32s32
                0x10001a68                __wrap___aeabi_idiv
                0x10001a70                divmod_s32s32_unsafe
                0x10001a9c                divmod_s32s32_savestate
 .text.__wrap___aeabi_uidiv
                0x10001ab8       0x4c CMakeFiles/blink.dir/C_/Users/tjwar/.pico-sdk/sdk/2.0.0/src/rp2_common/pico_divider/divider_hardware.S.obj
                0x10001ab8                __wrap___aeabi_uidiv
                0x10001ab8                __wrap___aeabi_uidivmod
                0x10001ab8                div_u32u32
                0x10001ab8                divmod_u32u32
                0x10001ac0                divmod_u32u32_unsafe
                0x10001ae8                divmod_u32u32_savestate
 .text.__wrap___aeabi_ldiv
                0x10001b04      0x424 CMakeFiles/blink.dir/C_/Users/tjwar/.pico-sdk/sdk/2.0.0/src/rp2_common/pico_divider/divider_hardware.S.obj
                0x10001b04                div_s64s64
                0x10001b04                divmod_s64s64
                0x10001b04                __wrap___aeabi_ldivmod
                0x10001b34                divmod_u64u64
                0x10001b34                div_u64u64
                0x10001b34                __wrap___aeabi_uldivmod
                0x10001b44                divmod_u64u64_savestate
                0x10001b64                divmod_s64s64_unsafe
                0x10001bec                divmod_u64u64_unsafe
 .text.__wrap___aeabi_darithmetic
                0x10001f28       0x60 CMakeFiles/blink.dir/C_/Users/tjwar/.pico-sdk/sdk/2.0.0/src/rp2_common/pico_double/double_aeabi_rp2040.S.obj
                0x10001f28                __wrap___aeabi_drsub
                0x10001f2e                __wrap___aeabi_dsub
                0x10001f38                __wrap___aeabi_dadd
                0x10001f42                __wrap___aeabi_ddiv
                0x10001f76                __wrap___aeabi_dmul
 .text.__wrap___aeabi_cdcmple
                0x10001f88       0x6c CMakeFiles/blink.dir/C_/Users/tjwar/.pico-sdk/sdk/2.0.0/src/rp2_common/pico_double/double_aeabi_rp2040.S.obj
                0x10001f88                __wrap___aeabi_cdrcmple
                0x10001f98                __wrap___aeabi_cdcmpeq
                0x10001f98                __wrap___aeabi_cdcmple
 .text.__wrap___aeabi_dcmplt
                0x10001ff4        0xc CMakeFiles/blink.dir/C_/Users/tjwar/.pico-sdk/sdk/2.0.0/src/rp2_common/pico_double/double_aeabi_rp2040.S.obj
                0x10001ff4                __wrap___aeabi_dcmplt
 .text.__wrap___aeabi_dcmple
                0x10002000       0x10 CMakeFiles/blink.dir/C_/Users/tjwar/.pico-sdk/sdk/2.0.0/src/rp2_common/pico_double/double_aeabi_rp2040.S.obj
                0x10002000                __wrap___aeabi_dcmple
 .text.__wrap___aeabi_dcmpge
                0x10002010       0x10 CMakeFiles/blink.dir/C_/Users/tjwar/.pico-sdk/sdk/2.0.0/src/rp2_common/pico_double/double_aeabi_rp2040.S.obj
                0x10002010                __wrap___aeabi_dcmpge
 .text.__wrap___aeabi_dcmpgt
                0x10002020        0xa CMakeFiles/blink.dir/C_/Users/tjwar/.pico-sdk/sdk/2.0.0/src/rp2_common/pico_double/double_aeabi_rp2040.S.obj
                0x10002020                __wrap___aeabi_dcmpgt
 .text.__wrap___aeabi_dcmpun
                0x1000202a       0x18 CMakeFiles/blink.dir/C_/Users/tjwar/.pico-sdk/sdk/2.0.0/src/rp2_common/pico_double/double_aeabi_rp2040.S.obj
                0x1000202a                __wrap___aeabi_dcmpun
 *fill*         0x10002042        0x2 
 .text.__wrap___aeabi_i2d
                0x10002044       0x38 CMakeFiles/blink.dir/C_/Users/tjwar/.pico-sdk/sdk/2.0.0/src/rp2_common/pico_double/double_aeabi_rp2040.S.obj
                0x10002044                __wrap___aeabi_ui2d
                0x1000204c                __wrap___aeabi_i2d
 .text.__wrap___aeabi_d2iz
                0x1000207c       0x48 CMakeFiles/blink.dir/C_/Users/tjwar/.pico-sdk/sdk/2.0.0/src/rp2_common/pico_double/double_aeabi_rp2040.S.obj
                0x1000207c                double2int_z
                0x1000207c                __wrap___aeabi_d2iz
 .text.__wrap___aeabi_d2uiz
                0x100020c4       0x10 CMakeFiles/blink.dir/C_/Users/tjwar/.pico-sdk/sdk/2.0.0/src/rp2_common/pico_double/double_aeabi_rp2040.S.obj
                0x100020c4                __wrap___aeabi_d2uiz
                0x100020c4                double2uint
 .text.missing_double_func_shim
                0x100020d4        0xc CMakeFiles/blink.dir/C_/Users/tjwar/.pico-sdk/sdk/2.0.0/src/rp2_common/pico_double/double_init_rom_rp2040.c.obj
 .text.__aeabi_double_init
                0x100020e0       0xd0 CMakeFiles/blink.dir/C_/Users/tjwar/.pico-sdk/sdk/2.0.0/src/rp2_common/pico_double/double_init_rom_rp2040.c.obj
                0x100020e0                __aeabi_double_init
 .text.double_table_shim_on_use_helper
                0x100021b0       0x34 CMakeFiles/blink.dir/C_/Users/tjwar/.pico-sdk/sdk/2.0.0/src/rp2_common/pico_double/double_v1_rom_shim_rp2040.S.obj
                0x100021b0                double_table_shim_on_use_helper
 .text.__aeabi_lmul
                0x100021e4       0x32 CMakeFiles/blink.dir/C_/Users/tjwar/.pico-sdk/sdk/2.0.0/src/rp2_common/pico_int64_ops/pico_int64_ops_aeabi.S.obj
                0x100021e4                __wrap___aeabi_lmul
 *fill*         0x10002216        0x2 
 .text.missing_float_func_shim
                0x10002218        0xc CMakeFiles/blink.dir/C_/Users/tjwar/.pico-sdk/sdk/2.0.0/src/rp2_common/pico_float/float_init_rom_rp2040.c.obj
 .text.__aeabi_float_init
                0x10002224       0x88 CMakeFiles/blink.dir/C_/Users/tjwar/.pico-sdk/sdk/2.0.0/src/rp2_common/pico_float/float_init_rom_rp2040.c.obj
                0x10002224                __aeabi_float_init
 .text          0x100022ac       0x10 CMakeFiles/blink.dir/C_/Users/tjwar/.pico-sdk/sdk/2.0.0/src/rp2_common/pico_mem_ops/mem_ops_aeabi.S.obj
                0x100022ac                __aeabi_mem_init
 .text.memset   0x100022bc        0xc CMakeFiles/blink.dir/C_/Users/tjwar/.pico-sdk/sdk/2.0.0/src/rp2_common/pico_mem_ops/mem_ops_aeabi.S.obj
                0x100022bc                __wrap_memset
 .text.memcpy   0x100022c8        0xc CMakeFiles/blink.dir/C_/Users/tjwar/.pico-sdk/sdk/2.0.0/src/rp2_common/pico_mem_ops/mem_ops_aeabi.S.obj
                0x100022c8                __wrap_memcpy
                0x100022c8                __wrap___aeabi_memcpy
 .text._out_null
                0x100022d4        0x2 CMakeFiles/blink.dir/C_/Users/tjwar/.pico-sdk/sdk/2.0.0/src/rp2_common/pico_printf/printf.c.obj
 .text._out_fct
                0x100022d6        0xe CMakeFiles/blink.dir/C_/Users/tjwar/.pico-sdk/sdk/2.0.0/src/rp2_common/pico_printf/printf.c.obj
 .text._atoi    0x100022e4       0x24 CMakeFiles/blink.dir/C_/Users/tjwar/.pico-sdk/sdk/2.0.0/src/rp2_common/pico_printf/printf.c.obj
 .text._out_rev
                0x10002308       0xae CMakeFiles/blink.dir/C_/Users/tjwar/.pico-sdk/sdk/2.0.0/src/rp2_common/pico_printf/printf.c.obj
 .text._ntoa_format
                0x100023b6      0x110 CMakeFiles/blink.dir/C_/Users/tjwar/.pico-sdk/sdk/2.0.0/src/rp2_common/pico_printf/printf.c.obj
 .text._ntoa_long
                0x100024c6       0xbc CMakeFiles/blink.dir/C_/Users/tjwar/.pico-sdk/sdk/2.0.0/src/rp2_common/pico_printf/printf.c.obj
 .text._ntoa_long_long
                0x10002582      0x10e CMakeFiles/blink.dir/C_/Users/tjwar/.pico-sdk/sdk/2.0.0/src/rp2_common/pico_printf/printf.c.obj
 .text._etoa    0x10002690      0x420 CMakeFiles/blink.dir/C_/Users/tjwar/.pico-sdk/sdk/2.0.0/src/rp2_common/pico_printf/printf.c.obj
 .text._ftoa    0x10002ab0      0x354 CMakeFiles/blink.dir/C_/Users/tjwar/.pico-sdk/sdk/2.0.0/src/rp2_common/pico_printf/printf.c.obj
 .text._vsnprintf
                0x10002e04      0x668 CMakeFiles/blink.dir/C_/Users/tjwar/.pico-sdk/sdk/2.0.0/src/rp2_common/pico_printf/printf.c.obj
 .text.vfctprintf
                0x1000346c       0x20 CMakeFiles/blink.dir/C_/Users/tjwar/.pico-sdk/sdk/2.0.0/src/rp2_common/pico_printf/printf.c.obj
                0x1000346c                vfctprintf
 .text._exit    0x1000348c        0x4 CMakeFiles/blink.dir/C_/Users/tjwar/.pico-sdk/sdk/2.0.0/src/rp2_common/pico_clib_interface/newlib_interface.c.obj
                0x1000348c                _exit
 .text.exit     0x10003490        0x6 CMakeFiles/blink.dir/C_/Users/tjwar/.pico-sdk/sdk/2.0.0/src/rp2_common/pico_clib_interface/newlib_interface.c.obj
                0x10003490                exit
 *fill*         0x10003496        0x2 
 .text.__assert_func
                0x10003498       0x38 CMakeFiles/blink.dir/C_/Users/tjwar/.pico-sdk/sdk/2.0.0/src/rp2_common/pico_clib_interface/newlib_interface.c.obj
                0x10003498                __assert_func
 .text.runtime_init
                0x100034d0       0x28 CMakeFiles/blink.dir/C_/Users/tjwar/.pico-sdk/sdk/2.0.0/src/rp2_common/pico_clib_interface/newlib_interface.c.obj
                0x100034d0                runtime_init
 .text.stdio_out_chars_no_crlf
                0x100034f8        0xe CMakeFiles/blink.dir/C_/Users/tjwar/.pico-sdk/sdk/2.0.0/src/rp2_common/pico_stdio/stdio.c.obj
 *fill*         0x10003506        0x2 
 .text.stdio_out_chars_crlf
                0x10003508       0x80 CMakeFiles/blink.dir/C_/Users/tjwar/.pico-sdk/sdk/2.0.0/src/rp2_common/pico_stdio/stdio.c.obj
 .text.stdio_stack_buffer_flush
                0x10003588       0x44 CMakeFiles/blink.dir/C_/Users/tjwar/.pico-sdk/sdk/2.0.0/src/rp2_common/pico_stdio/stdio.c.obj
 .text.stdio_buffered_printer
                0x100035cc       0x20 CMakeFiles/blink.dir/C_/Users/tjwar/.pico-sdk/sdk/2.0.0/src/rp2_common/pico_stdio/stdio.c.obj
 .text.stdout_serialize_begin
                0x100035ec       0x30 CMakeFiles/blink.dir/C_/Users/tjwar/.pico-sdk/sdk/2.0.0/src/rp2_common/pico_stdio/stdio.c.obj
                0x100035ec                stdout_serialize_begin
 .text.stdout_serialize_end
                0x1000361c       0x10 CMakeFiles/blink.dir/C_/Users/tjwar/.pico-sdk/sdk/2.0.0/src/rp2_common/pico_stdio/stdio.c.obj
                0x1000361c                stdout_serialize_end
 .text.stdio_put_string
                0x1000362c       0x94 CMakeFiles/blink.dir/C_/Users/tjwar/.pico-sdk/sdk/2.0.0/src/rp2_common/pico_stdio/stdio.c.obj
                0x1000362c                stdio_put_string
 .text.stdio_flush
                0x100036c0       0x20 CMakeFiles/blink.dir/C_/Users/tjwar/.pico-sdk/sdk/2.0.0/src/rp2_common/pico_stdio/stdio.c.obj
                0x100036c0                stdio_flush
 .text.__wrap_puts
                0x100036e0       0x1e CMakeFiles/blink.dir/C_/Users/tjwar/.pico-sdk/sdk/2.0.0/src/rp2_common/pico_stdio/stdio.c.obj
                0x100036e0                stdio_puts
                0x100036e0                __wrap_puts
 *fill*         0x100036fe        0x2 
 .text.__wrap_vprintf
                0x10003700       0x40 CMakeFiles/blink.dir/C_/Users/tjwar/.pico-sdk/sdk/2.0.0/src/rp2_common/pico_stdio/stdio.c.obj
                0x10003700                stdio_vprintf
                0x10003700                __wrap_vprintf
 .text.__wrap_printf
                0x10003740       0x18 CMakeFiles/blink.dir/C_/Users/tjwar/.pico-sdk/sdk/2.0.0/src/rp2_common/pico_stdio/stdio.c.obj
                0x10003740                __wrap_printf
                0x10003740                stdio_printf
 .text.cyw43_arch_set_async_context
                0x10003758        0xc CMakeFiles/blink.dir/C_/Users/tjwar/.pico-sdk/sdk/2.0.0/src/rp2_common/pico_cyw43_arch/cyw43_arch.c.obj
                0x10003758                cyw43_arch_set_async_context
 .text.cyw43_arch_gpio_put
                0x10003764       0x14 CMakeFiles/blink.dir/C_/Users/tjwar/.pico-sdk/sdk/2.0.0/src/rp2_common/pico_cyw43_arch/cyw43_arch.c.obj
                0x10003764                cyw43_arch_gpio_put
 .text.cyw43_arch_async_context
                0x10003778        0xc CMakeFiles/blink.dir/C_/Users/tjwar/.pico-sdk/sdk/2.0.0/src/rp2_common/pico_cyw43_arch/cyw43_arch.c.obj
                0x10003778                cyw43_arch_async_context
 .text.cyw43_arch_init_default_async_context
                0x10003784       0x20 CMakeFiles/blink.dir/C_/Users/tjwar/.pico-sdk/sdk/2.0.0/src/rp2_common/pico_cyw43_arch/cyw43_arch_threadsafe_background.c.obj
                0x10003784                cyw43_arch_init_default_async_context
 .text.cyw43_arch_deinit
                0x100037a4       0x28 CMakeFiles/blink.dir/C_/Users/tjwar/.pico-sdk/sdk/2.0.0/src/rp2_common/pico_cyw43_arch/cyw43_arch_threadsafe_background.c.obj
                0x100037a4                cyw43_arch_deinit
 .text.cyw43_arch_init
                0x100037cc       0x36 CMakeFiles/blink.dir/C_/Users/tjwar/.pico-sdk/sdk/2.0.0/src/rp2_common/pico_cyw43_arch/cyw43_arch_threadsafe_background.c.obj
                0x100037cc                cyw43_arch_init
 *fill*         0x10003802        0x2 
 .text._retrieve_unique_id_on_boot
                0x10003804       0x10 CMakeFiles/blink.dir/C_/Users/tjwar/.pico-sdk/sdk/2.0.0/src/rp2_common/pico_unique_id/unique_id.c.obj
 .text.pico_get_unique_board_id
                0x10003814       0x10 CMakeFiles/blink.dir/C_/Users/tjwar/.pico-sdk/sdk/2.0.0/src/rp2_common/pico_unique_id/unique_id.c.obj
                0x10003814                pico_get_unique_board_id
 .text.flash_get_unique_id
                0x10003824       0x40 CMakeFiles/blink.dir/C_/Users/tjwar/.pico-sdk/sdk/2.0.0/src/rp2_common/hardware_flash/flash.c.obj
                0x10003824                flash_get_unique_id
 .text.pio_get_default_sm_config
                0x10003864       0x28 CMakeFiles/blink.dir/C_/Users/tjwar/.pico-sdk/sdk/2.0.0/src/rp2_common/pico_cyw43_driver/cyw43_bus_pio_spi.c.obj
 .text.spi_gap01_sample0_program_get_default_config
                0x1000388c       0x3c CMakeFiles/blink.dir/C_/Users/tjwar/.pico-sdk/sdk/2.0.0/src/rp2_common/pico_cyw43_driver/cyw43_bus_pio_spi.c.obj
 .text.cs_set   0x100038c8       0x1c CMakeFiles/blink.dir/C_/Users/tjwar/.pico-sdk/sdk/2.0.0/src/rp2_common/pico_cyw43_driver/cyw43_bus_pio_spi.c.obj
 .text.channel_config_set_chain_to
                0x100038e4       0x30 CMakeFiles/blink.dir/C_/Users/tjwar/.pico-sdk/sdk/2.0.0/src/rp2_common/pico_cyw43_driver/cyw43_bus_pio_spi.c.obj
 .text.dma_channel_get_default_config
                0x10003914       0x74 CMakeFiles/blink.dir/C_/Users/tjwar/.pico-sdk/sdk/2.0.0/src/rp2_common/pico_cyw43_driver/cyw43_bus_pio_spi.c.obj
 .text.channel_config_set_dreq
                0x10003988       0x30 CMakeFiles/blink.dir/C_/Users/tjwar/.pico-sdk/sdk/2.0.0/src/rp2_common/pico_cyw43_driver/cyw43_bus_pio_spi.c.obj
 .text.start_spi_comms
                0x100039b8       0x2c CMakeFiles/blink.dir/C_/Users/tjwar/.pico-sdk/sdk/2.0.0/src/rp2_common/pico_cyw43_driver/cyw43_bus_pio_spi.c.obj
 .text.ns_delay
                0x100039e4       0x20 CMakeFiles/blink.dir/C_/Users/tjwar/.pico-sdk/sdk/2.0.0/src/rp2_common/pico_cyw43_driver/cyw43_bus_pio_spi.c.obj
 .text.stop_spi_comms
                0x10003a04       0x10 CMakeFiles/blink.dir/C_/Users/tjwar/.pico-sdk/sdk/2.0.0/src/rp2_common/pico_cyw43_driver/cyw43_bus_pio_spi.c.obj
 .text.cyw43_spi_deinit
                0x10003a14       0x74 CMakeFiles/blink.dir/C_/Users/tjwar/.pico-sdk/sdk/2.0.0/src/rp2_common/pico_cyw43_driver/cyw43_bus_pio_spi.c.obj
                0x10003a14                cyw43_spi_deinit
 .text.cyw43_spi_init
                0x10003a88      0x23c CMakeFiles/blink.dir/C_/Users/tjwar/.pico-sdk/sdk/2.0.0/src/rp2_common/pico_cyw43_driver/cyw43_bus_pio_spi.c.obj
                0x10003a88                cyw43_spi_init
 .text.cyw43_spi_transfer
                0x10003cc4      0x568 CMakeFiles/blink.dir/C_/Users/tjwar/.pico-sdk/sdk/2.0.0/src/rp2_common/pico_cyw43_driver/cyw43_bus_pio_spi.c.obj
                0x10003cc4                cyw43_spi_transfer
 .text._cyw43_read_reg
                0x1000422c       0x50 CMakeFiles/blink.dir/C_/Users/tjwar/.pico-sdk/sdk/2.0.0/src/rp2_common/pico_cyw43_driver/cyw43_bus_pio_spi.c.obj
 .text._cyw43_write_reg
                0x1000427c       0x58 CMakeFiles/blink.dir/C_/Users/tjwar/.pico-sdk/sdk/2.0.0/src/rp2_common/pico_cyw43_driver/cyw43_bus_pio_spi.c.obj
 .text.cyw43_spi_gpio_setup
                0x100042d4       0x3a CMakeFiles/blink.dir/C_/Users/tjwar/.pico-sdk/sdk/2.0.0/src/rp2_common/pico_cyw43_driver/cyw43_bus_pio_spi.c.obj
                0x100042d4                cyw43_spi_gpio_setup
 .text.cyw43_spi_reset
                0x1000430e       0x28 CMakeFiles/blink.dir/C_/Users/tjwar/.pico-sdk/sdk/2.0.0/src/rp2_common/pico_cyw43_driver/cyw43_bus_pio_spi.c.obj
                0x1000430e                cyw43_spi_reset
 *fill*         0x10004336        0x2 
 .text.read_reg_u32_swap
                0x10004338       0x68 CMakeFiles/blink.dir/C_/Users/tjwar/.pico-sdk/sdk/2.0.0/src/rp2_common/pico_cyw43_driver/cyw43_bus_pio_spi.c.obj
                0x10004338                read_reg_u32_swap
 .text.cyw43_read_reg_u32
                0x100043a0        0xa CMakeFiles/blink.dir/C_/Users/tjwar/.pico-sdk/sdk/2.0.0/src/rp2_common/pico_cyw43_driver/cyw43_bus_pio_spi.c.obj
                0x100043a0                cyw43_read_reg_u32
 .text.cyw43_read_reg_u16
                0x100043aa        0xa CMakeFiles/blink.dir/C_/Users/tjwar/.pico-sdk/sdk/2.0.0/src/rp2_common/pico_cyw43_driver/cyw43_bus_pio_spi.c.obj
                0x100043aa                cyw43_read_reg_u16
 .text.cyw43_read_reg_u8
                0x100043b4        0xa CMakeFiles/blink.dir/C_/Users/tjwar/.pico-sdk/sdk/2.0.0/src/rp2_common/pico_cyw43_driver/cyw43_bus_pio_spi.c.obj
                0x100043b4                cyw43_read_reg_u8
 *fill*         0x100043be        0x2 
 .text.write_reg_u32_swap
                0x100043c0       0x34 CMakeFiles/blink.dir/C_/Users/tjwar/.pico-sdk/sdk/2.0.0/src/rp2_common/pico_cyw43_driver/cyw43_bus_pio_spi.c.obj
                0x100043c0                write_reg_u32_swap
 .text.cyw43_write_reg_u32
                0x100043f4       0x10 CMakeFiles/blink.dir/C_/Users/tjwar/.pico-sdk/sdk/2.0.0/src/rp2_common/pico_cyw43_driver/cyw43_bus_pio_spi.c.obj
                0x100043f4                cyw43_write_reg_u32
 .text.cyw43_write_reg_u16
                0x10004404       0x10 CMakeFiles/blink.dir/C_/Users/tjwar/.pico-sdk/sdk/2.0.0/src/rp2_common/pico_cyw43_driver/cyw43_bus_pio_spi.c.obj
                0x10004404                cyw43_write_reg_u16
 .text.cyw43_write_reg_u8
                0x10004414       0x10 CMakeFiles/blink.dir/C_/Users/tjwar/.pico-sdk/sdk/2.0.0/src/rp2_common/pico_cyw43_driver/cyw43_bus_pio_spi.c.obj
                0x10004414                cyw43_write_reg_u8
 .text.cyw43_read_bytes
                0x10004424      0x100 CMakeFiles/blink.dir/C_/Users/tjwar/.pico-sdk/sdk/2.0.0/src/rp2_common/pico_cyw43_driver/cyw43_bus_pio_spi.c.obj
                0x10004424                cyw43_read_bytes
 .text.cyw43_write_bytes
                0x10004524      0x124 CMakeFiles/blink.dir/C_/Users/tjwar/.pico-sdk/sdk/2.0.0/src/rp2_common/pico_cyw43_driver/cyw43_bus_pio_spi.c.obj
                0x10004524                cyw43_write_bytes
 .text.get_core_address
                0x10004648       0x1c CMakeFiles/blink.dir/C_/Users/tjwar/.pico-sdk/sdk/2.0.0/lib/cyw43-driver/src/cyw43_ll.c.obj
 .text.sdpcm_process_rx_packet
                0x10004664      0x180 CMakeFiles/blink.dir/C_/Users/tjwar/.pico-sdk/sdk/2.0.0/lib/cyw43-driver/src/cyw43_ll.c.obj
 .text.cyw43_ll_wifi_parse_scan_result
                0x100047e4       0x9c CMakeFiles/blink.dir/C_/Users/tjwar/.pico-sdk/sdk/2.0.0/lib/cyw43-driver/src/cyw43_ll.c.obj
 .text.cyw43_ll_parse_async_event
                0x10004880       0x8a CMakeFiles/blink.dir/C_/Users/tjwar/.pico-sdk/sdk/2.0.0/lib/cyw43-driver/src/cyw43_ll.c.obj
 *fill*         0x1000490a        0x2 
 .text.cyw43_kso_set
                0x1000490c       0x98 CMakeFiles/blink.dir/C_/Users/tjwar/.pico-sdk/sdk/2.0.0/lib/cyw43-driver/src/cyw43_ll.c.obj
 .text.cyw43_ll_bus_sleep_helper
                0x100049a4        0xe CMakeFiles/blink.dir/C_/Users/tjwar/.pico-sdk/sdk/2.0.0/lib/cyw43-driver/src/cyw43_ll.c.obj
 *fill*         0x100049b2        0x2 
 .text.cyw43_read_reg
                0x100049b4       0x48 CMakeFiles/blink.dir/C_/Users/tjwar/.pico-sdk/sdk/2.0.0/lib/cyw43-driver/src/cyw43_ll.c.obj
 .text.cyw43_write_reg
                0x100049fc       0x4c CMakeFiles/blink.dir/C_/Users/tjwar/.pico-sdk/sdk/2.0.0/lib/cyw43-driver/src/cyw43_ll.c.obj
 .text.cyw43_set_backplane_window
                0x10004a48       0x78 CMakeFiles/blink.dir/C_/Users/tjwar/.pico-sdk/sdk/2.0.0/lib/cyw43-driver/src/cyw43_ll.c.obj
 .text.cyw43_read_backplane
                0x10004ac0       0x30 CMakeFiles/blink.dir/C_/Users/tjwar/.pico-sdk/sdk/2.0.0/lib/cyw43-driver/src/cyw43_ll.c.obj
 .text.disable_device_core
                0x10004af0       0x3c CMakeFiles/blink.dir/C_/Users/tjwar/.pico-sdk/sdk/2.0.0/lib/cyw43-driver/src/cyw43_ll.c.obj
 .text.device_core_is_up
                0x10004b2c       0x4c CMakeFiles/blink.dir/C_/Users/tjwar/.pico-sdk/sdk/2.0.0/lib/cyw43-driver/src/cyw43_ll.c.obj
 .text.cyw43_download_resource
                0x10004b78       0xac CMakeFiles/blink.dir/C_/Users/tjwar/.pico-sdk/sdk/2.0.0/lib/cyw43-driver/src/cyw43_ll.c.obj
 .text.cyw43_write_backplane
                0x10004c24       0x34 CMakeFiles/blink.dir/C_/Users/tjwar/.pico-sdk/sdk/2.0.0/lib/cyw43-driver/src/cyw43_ll.c.obj
 .text.reset_device_core
                0x10004c58       0x74 CMakeFiles/blink.dir/C_/Users/tjwar/.pico-sdk/sdk/2.0.0/lib/cyw43-driver/src/cyw43_ll.c.obj
 .text.cyw43_check_valid_chipset_firmware
                0x10004ccc       0x7c CMakeFiles/blink.dir/C_/Users/tjwar/.pico-sdk/sdk/2.0.0/lib/cyw43-driver/src/cyw43_ll.c.obj
 .text.cyw43_ll_init
                0x10004d48       0x20 CMakeFiles/blink.dir/C_/Users/tjwar/.pico-sdk/sdk/2.0.0/lib/cyw43-driver/src/cyw43_ll.c.obj
                0x10004d48                cyw43_ll_init
 .text.cyw43_ll_deinit
                0x10004d68        0x8 CMakeFiles/blink.dir/C_/Users/tjwar/.pico-sdk/sdk/2.0.0/lib/cyw43-driver/src/cyw43_ll.c.obj
                0x10004d68                cyw43_ll_deinit
 .text.cyw43_ll_bus_sleep
                0x10004d70       0x34 CMakeFiles/blink.dir/C_/Users/tjwar/.pico-sdk/sdk/2.0.0/lib/cyw43-driver/src/cyw43_ll.c.obj
                0x10004d70                cyw43_ll_bus_sleep
 .text.cyw43_ll_sdpcm_poll_device
                0x10004da4      0x158 CMakeFiles/blink.dir/C_/Users/tjwar/.pico-sdk/sdk/2.0.0/lib/cyw43-driver/src/cyw43_ll.c.obj
 .text.cyw43_ll_process_packets
                0x10004efc       0x5c CMakeFiles/blink.dir/C_/Users/tjwar/.pico-sdk/sdk/2.0.0/lib/cyw43-driver/src/cyw43_ll.c.obj
                0x10004efc                cyw43_ll_process_packets
 .text.cyw43_sdpcm_send_common
                0x10004f58      0x114 CMakeFiles/blink.dir/C_/Users/tjwar/.pico-sdk/sdk/2.0.0/lib/cyw43-driver/src/cyw43_ll.c.obj
 .text.cyw43_send_ioctl
                0x1000506c       0x56 CMakeFiles/blink.dir/C_/Users/tjwar/.pico-sdk/sdk/2.0.0/lib/cyw43-driver/src/cyw43_ll.c.obj
 *fill*         0x100050c2        0x2 
 .text.cyw43_do_ioctl
                0x100050c4       0xc4 CMakeFiles/blink.dir/C_/Users/tjwar/.pico-sdk/sdk/2.0.0/lib/cyw43-driver/src/cyw43_ll.c.obj
 .text.cyw43_ll_ioctl
                0x10005188       0x1e CMakeFiles/blink.dir/C_/Users/tjwar/.pico-sdk/sdk/2.0.0/lib/cyw43-driver/src/cyw43_ll.c.obj
                0x10005188                cyw43_ll_ioctl
 *fill*         0x100051a6        0x2 
 .text.cyw43_clm_load
                0x100051a8       0xdc CMakeFiles/blink.dir/C_/Users/tjwar/.pico-sdk/sdk/2.0.0/lib/cyw43-driver/src/cyw43_ll.c.obj
 .text.cyw43_write_iovar_u32
                0x10005284       0x60 CMakeFiles/blink.dir/C_/Users/tjwar/.pico-sdk/sdk/2.0.0/lib/cyw43-driver/src/cyw43_ll.c.obj
 .text.cyw43_write_iovar_n
                0x100052e4       0x50 CMakeFiles/blink.dir/C_/Users/tjwar/.pico-sdk/sdk/2.0.0/lib/cyw43-driver/src/cyw43_ll.c.obj
 .text.cyw43_set_ioctl_u32
                0x10005334       0x30 CMakeFiles/blink.dir/C_/Users/tjwar/.pico-sdk/sdk/2.0.0/lib/cyw43-driver/src/cyw43_ll.c.obj
 .text.cyw43_write_iovar_u32_u32
                0x10005364       0x74 CMakeFiles/blink.dir/C_/Users/tjwar/.pico-sdk/sdk/2.0.0/lib/cyw43-driver/src/cyw43_ll.c.obj
 .text.cyw43_ll_wifi_get_mac
                0x100053d8       0x44 CMakeFiles/blink.dir/C_/Users/tjwar/.pico-sdk/sdk/2.0.0/lib/cyw43-driver/src/cyw43_ll.c.obj
                0x100053d8                cyw43_ll_wifi_get_mac
 .text.cyw43_ll_bus_init
                0x1000541c      0x370 CMakeFiles/blink.dir/C_/Users/tjwar/.pico-sdk/sdk/2.0.0/lib/cyw43-driver/src/cyw43_ll.c.obj
                0x1000541c                cyw43_ll_bus_init
 .text.cyw43_ll_wifi_set_wpa_auth
                0x1000578c        0xe CMakeFiles/blink.dir/C_/Users/tjwar/.pico-sdk/sdk/2.0.0/lib/cyw43-driver/src/cyw43_ll.c.obj
                0x1000578c                cyw43_ll_wifi_set_wpa_auth
 *fill*         0x1000579a        0x2 
 .text.cyw43_ll_wifi_rejoin
                0x1000579c       0x20 CMakeFiles/blink.dir/C_/Users/tjwar/.pico-sdk/sdk/2.0.0/lib/cyw43-driver/src/cyw43_ll.c.obj
                0x1000579c                cyw43_ll_wifi_rejoin
 .text.cyw43_ll_gpio_set
                0x100057bc       0x30 CMakeFiles/blink.dir/C_/Users/tjwar/.pico-sdk/sdk/2.0.0/lib/cyw43-driver/src/cyw43_ll.c.obj
                0x100057bc                cyw43_ll_gpio_set
 .text.cyw43_ll_has_work
                0x100057ec       0x12 CMakeFiles/blink.dir/C_/Users/tjwar/.pico-sdk/sdk/2.0.0/lib/cyw43-driver/src/cyw43_ll.c.obj
                0x100057ec                cyw43_ll_has_work
 *fill*         0x100057fe        0x2 
 .text.cyw43_poll_func
                0x10005800       0xac CMakeFiles/blink.dir/C_/Users/tjwar/.pico-sdk/sdk/2.0.0/lib/cyw43-driver/src/cyw43_ctrl.c.obj
 .text.cyw43_hal_ticks_ms
                0x100058ac       0x20 CMakeFiles/blink.dir/C_/Users/tjwar/.pico-sdk/sdk/2.0.0/lib/cyw43-driver/src/cyw43_ctrl.c.obj
 .text.cyw43_dump_async_event
                0x100058cc       0x58 CMakeFiles/blink.dir/C_/Users/tjwar/.pico-sdk/sdk/2.0.0/lib/cyw43-driver/src/cyw43_ctrl.c.obj
 .text.cyw43_ensure_up
                0x10005924       0xec CMakeFiles/blink.dir/C_/Users/tjwar/.pico-sdk/sdk/2.0.0/lib/cyw43-driver/src/cyw43_ctrl.c.obj
 .text.cyw43_init
                0x10005a10       0x8c CMakeFiles/blink.dir/C_/Users/tjwar/.pico-sdk/sdk/2.0.0/lib/cyw43-driver/src/cyw43_ctrl.c.obj
                0x10005a10                cyw43_init
 .text.cyw43_deinit
                0x10005a9c       0x3c CMakeFiles/blink.dir/C_/Users/tjwar/.pico-sdk/sdk/2.0.0/lib/cyw43-driver/src/cyw43_ctrl.c.obj
                0x10005a9c                cyw43_deinit
 .text.cyw43_cb_read_host_interrupt_pin
                0x10005ad8        0xe CMakeFiles/blink.dir/C_/Users/tjwar/.pico-sdk/sdk/2.0.0/lib/cyw43-driver/src/cyw43_ctrl.c.obj
                0x10005ad8                cyw43_cb_read_host_interrupt_pin
 *fill*         0x10005ae6        0x2 
 .text.cyw43_cb_ensure_awake
                0x10005ae8        0xc CMakeFiles/blink.dir/C_/Users/tjwar/.pico-sdk/sdk/2.0.0/lib/cyw43-driver/src/cyw43_ctrl.c.obj
                0x10005ae8                cyw43_cb_ensure_awake
 .text.cyw43_cb_process_async_event
                0x10005af4      0x1ac CMakeFiles/blink.dir/C_/Users/tjwar/.pico-sdk/sdk/2.0.0/lib/cyw43-driver/src/cyw43_ctrl.c.obj
                0x10005af4                cyw43_cb_process_async_event
 .text.cyw43_gpio_set
                0x10005ca0       0x30 CMakeFiles/blink.dir/C_/Users/tjwar/.pico-sdk/sdk/2.0.0/lib/cyw43-driver/src/cyw43_ctrl.c.obj
                0x10005ca0                cyw43_gpio_set
 .text.is_program_gpio_compatible
                0x10005cd0        0x4 CMakeFiles/blink.dir/C_/Users/tjwar/.pico-sdk/sdk/2.0.0/src/rp2_common/hardware_pio/pio.c.obj
 .text.add_program_at_offset_check
                0x10005cd4       0x64 CMakeFiles/blink.dir/C_/Users/tjwar/.pico-sdk/sdk/2.0.0/src/rp2_common/hardware_pio/pio.c.obj
 .text.add_program_at_offset
                0x10005d38       0x60 CMakeFiles/blink.dir/C_/Users/tjwar/.pico-sdk/sdk/2.0.0/src/rp2_common/hardware_pio/pio.c.obj
 .text.find_offset_for_program
                0x10005d98       0x7c CMakeFiles/blink.dir/C_/Users/tjwar/.pico-sdk/sdk/2.0.0/src/rp2_common/hardware_pio/pio.c.obj
 .text.pio_sm_unclaim
                0x10005e14       0x20 CMakeFiles/blink.dir/C_/Users/tjwar/.pico-sdk/sdk/2.0.0/src/rp2_common/hardware_pio/pio.c.obj
                0x10005e14                pio_sm_unclaim
 .text.pio_claim_unused_sm
                0x10005e34       0x38 CMakeFiles/blink.dir/C_/Users/tjwar/.pico-sdk/sdk/2.0.0/src/rp2_common/hardware_pio/pio.c.obj
                0x10005e34                pio_claim_unused_sm
 .text.pio_can_add_program
                0x10005e6c       0x32 CMakeFiles/blink.dir/C_/Users/tjwar/.pico-sdk/sdk/2.0.0/src/rp2_common/hardware_pio/pio.c.obj
                0x10005e6c                pio_can_add_program
 .text.pio_add_program
                0x10005e9e       0x30 CMakeFiles/blink.dir/C_/Users/tjwar/.pico-sdk/sdk/2.0.0/src/rp2_common/hardware_pio/pio.c.obj
                0x10005e9e                pio_add_program
 *fill*         0x10005ece        0x2 
 .text.pio_remove_program
                0x10005ed0       0x54 CMakeFiles/blink.dir/C_/Users/tjwar/.pico-sdk/sdk/2.0.0/src/rp2_common/hardware_pio/pio.c.obj
                0x10005ed0                pio_remove_program
 .text.pio_sm_set_pindirs_with_mask
                0x10005f24       0xa0 CMakeFiles/blink.dir/C_/Users/tjwar/.pico-sdk/sdk/2.0.0/src/rp2_common/hardware_pio/pio.c.obj
                0x10005f24                pio_sm_set_pindirs_with_mask
 .text.pio_sm_set_consecutive_pindirs
                0x10005fc4       0xb4 CMakeFiles/blink.dir/C_/Users/tjwar/.pico-sdk/sdk/2.0.0/src/rp2_common/hardware_pio/pio.c.obj
                0x10005fc4                pio_sm_set_consecutive_pindirs
 .text.dma_channel_unclaim
                0x10006078       0x14 CMakeFiles/blink.dir/C_/Users/tjwar/.pico-sdk/sdk/2.0.0/src/rp2_common/hardware_dma/dma.c.obj
                0x10006078                dma_channel_unclaim
 .text.dma_claim_unused_channel
                0x1000608c       0x24 CMakeFiles/blink.dir/C_/Users/tjwar/.pico-sdk/sdk/2.0.0/src/rp2_common/hardware_dma/dma.c.obj
                0x1000608c                dma_claim_unused_channel
 .text.dma_channel_cleanup
                0x100060b0       0x5c CMakeFiles/blink.dir/C_/Users/tjwar/.pico-sdk/sdk/2.0.0/src/rp2_common/hardware_dma/dma.c.obj
                0x100060b0                dma_channel_cleanup
 .text.cyw43_sleep_timeout_reached
                0x1000610c       0x50 CMakeFiles/blink.dir/C_/Users/tjwar/.pico-sdk/sdk/2.0.0/src/rp2_common/pico_cyw43_driver/cyw43_driver.c.obj
 .text.async_context_add_at_time_worker_in_ms
                0x1000615c       0x4c CMakeFiles/blink.dir/C_/Users/tjwar/.pico-sdk/sdk/2.0.0/src/rp2_common/pico_cyw43_driver/cyw43_driver.c.obj
 .text.cyw43_do_poll
                0x100061a8       0x74 CMakeFiles/blink.dir/C_/Users/tjwar/.pico-sdk/sdk/2.0.0/src/rp2_common/pico_cyw43_driver/cyw43_driver.c.obj
 .text.cyw43_set_irq_enabled
                0x1000621c        0xe CMakeFiles/blink.dir/C_/Users/tjwar/.pico-sdk/sdk/2.0.0/src/rp2_common/pico_cyw43_driver/cyw43_driver.c.obj
 *fill*         0x1000622a        0x2 
 .text.cyw43_irq_init
                0x1000622c       0x50 CMakeFiles/blink.dir/C_/Users/tjwar/.pico-sdk/sdk/2.0.0/src/rp2_common/pico_cyw43_driver/cyw43_driver.c.obj
                0x1000622c                cyw43_irq_init
 .text.cyw43_gpio_irq_handler
                0x1000627c       0x40 CMakeFiles/blink.dir/C_/Users/tjwar/.pico-sdk/sdk/2.0.0/src/rp2_common/pico_cyw43_driver/cyw43_driver.c.obj
 .text.cyw43_irq_deinit
                0x100062bc       0x48 CMakeFiles/blink.dir/C_/Users/tjwar/.pico-sdk/sdk/2.0.0/src/rp2_common/pico_cyw43_driver/cyw43_driver.c.obj
                0x100062bc                cyw43_irq_deinit
 .text.no_lwip_fail
                0x10006304        0xc CMakeFiles/blink.dir/C_/Users/tjwar/.pico-sdk/sdk/2.0.0/src/rp2_common/pico_cyw43_driver/cyw43_driver.c.obj
 .text.cyw43_post_poll_hook
                0x10006310       0x38 CMakeFiles/blink.dir/C_/Users/tjwar/.pico-sdk/sdk/2.0.0/src/rp2_common/pico_cyw43_driver/cyw43_driver.c.obj
                0x10006310                cyw43_post_poll_hook
 .text.cyw43_schedule_internal_poll_dispatch
                0x10006348       0x3c CMakeFiles/blink.dir/C_/Users/tjwar/.pico-sdk/sdk/2.0.0/src/rp2_common/pico_cyw43_driver/cyw43_driver.c.obj
                0x10006348                cyw43_schedule_internal_poll_dispatch
 .text.cyw43_driver_init
                0x10006384       0x38 CMakeFiles/blink.dir/C_/Users/tjwar/.pico-sdk/sdk/2.0.0/src/rp2_common/pico_cyw43_driver/cyw43_driver.c.obj
                0x10006384                cyw43_driver_init
 .text.cyw43_driver_deinit
                0x100063bc       0x64 CMakeFiles/blink.dir/C_/Users/tjwar/.pico-sdk/sdk/2.0.0/src/rp2_common/pico_cyw43_driver/cyw43_driver.c.obj
                0x100063bc                cyw43_driver_deinit
 .text.cyw43_hal_generate_laa_mac
                0x10006420       0x34 CMakeFiles/blink.dir/C_/Users/tjwar/.pico-sdk/sdk/2.0.0/src/rp2_common/pico_cyw43_driver/cyw43_driver.c.obj
                0x10006420                cyw43_hal_generate_laa_mac
 .text.cyw43_thread_enter
                0x10006454       0x14 CMakeFiles/blink.dir/C_/Users/tjwar/.pico-sdk/sdk/2.0.0/src/rp2_common/pico_cyw43_driver/cyw43_driver.c.obj
                0x10006454                cyw43_thread_enter
 .text.cyw43_thread_exit
                0x10006468       0x14 CMakeFiles/blink.dir/C_/Users/tjwar/.pico-sdk/sdk/2.0.0/src/rp2_common/pico_cyw43_driver/cyw43_driver.c.obj
                0x10006468                cyw43_thread_exit
 .text.cyw43_thread_lock_check
                0x1000647c       0x14 CMakeFiles/blink.dir/C_/Users/tjwar/.pico-sdk/sdk/2.0.0/src/rp2_common/pico_cyw43_driver/cyw43_driver.c.obj
                0x1000647c                cyw43_thread_lock_check
 .text.cyw43_await_background_or_timeout_us
                0x10006490       0x68 CMakeFiles/blink.dir/C_/Users/tjwar/.pico-sdk/sdk/2.0.0/src/rp2_common/pico_cyw43_driver/cyw43_driver.c.obj
                0x10006490                cyw43_await_background_or_timeout_us
 .text.cyw43_delay_ms
                0x100064f8       0x44 CMakeFiles/blink.dir/C_/Users/tjwar/.pico-sdk/sdk/2.0.0/src/rp2_common/pico_cyw43_driver/cyw43_driver.c.obj
                0x100064f8                cyw43_delay_ms
 .text.cyw43_cb_tcpip_deinit
                0x1000653c        0x2 CMakeFiles/blink.dir/C_/Users/tjwar/.pico-sdk/sdk/2.0.0/src/rp2_common/pico_cyw43_driver/cyw43_driver.c.obj
                0x1000653c                cyw43_cb_tcpip_deinit
 .text.cyw43_cb_tcpip_set_link_up
                0x1000653e        0x6 CMakeFiles/blink.dir/C_/Users/tjwar/.pico-sdk/sdk/2.0.0/src/rp2_common/pico_cyw43_driver/cyw43_driver.c.obj
                0x1000653e                cyw43_cb_tcpip_set_link_up
 .text.cyw43_cb_tcpip_set_link_down
                0x10006544        0x6 CMakeFiles/blink.dir/C_/Users/tjwar/.pico-sdk/sdk/2.0.0/src/rp2_common/pico_cyw43_driver/cyw43_driver.c.obj
                0x10006544                cyw43_cb_tcpip_set_link_down
 .text.cyw43_cb_process_ethernet
                0x1000654a        0x6 CMakeFiles/blink.dir/C_/Users/tjwar/.pico-sdk/sdk/2.0.0/src/rp2_common/pico_cyw43_driver/cyw43_driver.c.obj
                0x1000654a                cyw43_cb_process_ethernet
 .text.async_context_threadsafe_background_acquire_lock_blocking
                0x10006550        0xa CMakeFiles/blink.dir/C_/Users/tjwar/.pico-sdk/sdk/2.0.0/src/rp2_common/pico_async_context/async_context_threadsafe_background.c.obj
 .text.async_context_threadsafe_background_wake_up
                0x1000655a       0x16 CMakeFiles/blink.dir/C_/Users/tjwar/.pico-sdk/sdk/2.0.0/src/rp2_common/pico_async_context/async_context_threadsafe_background.c.obj
 .text.alarm_handler
                0x10006570       0x14 CMakeFiles/blink.dir/C_/Users/tjwar/.pico-sdk/sdk/2.0.0/src/rp2_common/pico_async_context/async_context_threadsafe_background.c.obj
 .text.async_context_threadsafe_background_set_work_pending
                0x10006584        0xc CMakeFiles/blink.dir/C_/Users/tjwar/.pico-sdk/sdk/2.0.0/src/rp2_common/pico_async_context/async_context_threadsafe_background.c.obj
 .text.async_context_threadsafe_background_lock_check
                0x10006590       0x2c CMakeFiles/blink.dir/C_/Users/tjwar/.pico-sdk/sdk/2.0.0/src/rp2_common/pico_async_context/async_context_threadsafe_background.c.obj
 .text.process_under_lock
                0x100065bc       0xdc CMakeFiles/blink.dir/C_/Users/tjwar/.pico-sdk/sdk/2.0.0/src/rp2_common/pico_async_context/async_context_threadsafe_background.c.obj
 .text.lock_release
                0x10006698       0x1e CMakeFiles/blink.dir/C_/Users/tjwar/.pico-sdk/sdk/2.0.0/src/rp2_common/pico_async_context/async_context_threadsafe_background.c.obj
 .text.async_context_threadsafe_background_execute_sync
                0x100066b6       0x1e CMakeFiles/blink.dir/C_/Users/tjwar/.pico-sdk/sdk/2.0.0/src/rp2_common/pico_async_context/async_context_threadsafe_background.c.obj
                0x100066b6                async_context_threadsafe_background_execute_sync
 .text.async_context_threadsafe_background_release_lock
                0x100066d4        0x8 CMakeFiles/blink.dir/C_/Users/tjwar/.pico-sdk/sdk/2.0.0/src/rp2_common/pico_async_context/async_context_threadsafe_background.c.obj
 .text.low_prio_irq_deinit
                0x100066dc       0x50 CMakeFiles/blink.dir/C_/Users/tjwar/.pico-sdk/sdk/2.0.0/src/rp2_common/pico_async_context/async_context_threadsafe_background.c.obj
 .text.async_context_threadsafe_background_deinit
                0x1000672c       0x58 CMakeFiles/blink.dir/C_/Users/tjwar/.pico-sdk/sdk/2.0.0/src/rp2_common/pico_async_context/async_context_threadsafe_background.c.obj
 .text.low_priority_irq_handler
                0x10006784       0x78 CMakeFiles/blink.dir/C_/Users/tjwar/.pico-sdk/sdk/2.0.0/src/rp2_common/pico_async_context/async_context_threadsafe_background.c.obj
 .text.async_context_threadsafe_background_wait_for_work_until
                0x100067fc        0xa CMakeFiles/blink.dir/C_/Users/tjwar/.pico-sdk/sdk/2.0.0/src/rp2_common/pico_async_context/async_context_threadsafe_background.c.obj
 .text.async_context_threadsafe_background_wait_until
                0x10006806       0x1a CMakeFiles/blink.dir/C_/Users/tjwar/.pico-sdk/sdk/2.0.0/src/rp2_common/pico_async_context/async_context_threadsafe_background.c.obj
 .text.async_context_threadsafe_background_when_pending_worker
                0x10006820       0x20 CMakeFiles/blink.dir/C_/Users/tjwar/.pico-sdk/sdk/2.0.0/src/rp2_common/pico_async_context/async_context_threadsafe_background.c.obj
 .text.async_context_threadsafe_background_add_when_pending_worker
                0x10006840       0x20 CMakeFiles/blink.dir/C_/Users/tjwar/.pico-sdk/sdk/2.0.0/src/rp2_common/pico_async_context/async_context_threadsafe_background.c.obj
 .text.async_context_threadsafe_background_remove_at_time_worker
                0x10006860       0x20 CMakeFiles/blink.dir/C_/Users/tjwar/.pico-sdk/sdk/2.0.0/src/rp2_common/pico_async_context/async_context_threadsafe_background.c.obj
 .text.async_context_threadsafe_background_add_at_time_worker
                0x10006880       0x20 CMakeFiles/blink.dir/C_/Users/tjwar/.pico-sdk/sdk/2.0.0/src/rp2_common/pico_async_context/async_context_threadsafe_background.c.obj
 .text.low_prio_irq_init
                0x100068a0       0x84 CMakeFiles/blink.dir/C_/Users/tjwar/.pico-sdk/sdk/2.0.0/src/rp2_common/pico_async_context/async_context_threadsafe_background.c.obj
 .text.async_context_threadsafe_background_default_config
                0x10006924        0xa CMakeFiles/blink.dir/C_/Users/tjwar/.pico-sdk/sdk/2.0.0/src/rp2_common/pico_async_context/async_context_threadsafe_background.c.obj
                0x10006924                async_context_threadsafe_background_default_config
 *fill*         0x1000692e        0x2 
 .text.async_context_threadsafe_background_init
                0x10006930       0x74 CMakeFiles/blink.dir/C_/Users/tjwar/.pico-sdk/sdk/2.0.0/src/rp2_common/pico_async_context/async_context_threadsafe_background.c.obj
                0x10006930                async_context_threadsafe_background_init
 .text.async_context_base_add_at_time_worker
                0x100069a4       0x1c CMakeFiles/blink.dir/C_/Users/tjwar/.pico-sdk/sdk/2.0.0/src/rp2_common/pico_async_context/async_context_base.c.obj
                0x100069a4                async_context_base_add_at_time_worker
 .text.async_context_base_remove_at_time_worker
                0x100069c0       0x1c CMakeFiles/blink.dir/C_/Users/tjwar/.pico-sdk/sdk/2.0.0/src/rp2_common/pico_async_context/async_context_base.c.obj
                0x100069c0                async_context_base_remove_at_time_worker
 .text.async_context_base_add_when_pending_worker
                0x100069dc       0x1c CMakeFiles/blink.dir/C_/Users/tjwar/.pico-sdk/sdk/2.0.0/src/rp2_common/pico_async_context/async_context_base.c.obj
                0x100069dc                async_context_base_add_when_pending_worker
 .text.async_context_base_remove_when_pending_worker
                0x100069f8       0x1c CMakeFiles/blink.dir/C_/Users/tjwar/.pico-sdk/sdk/2.0.0/src/rp2_common/pico_async_context/async_context_base.c.obj
                0x100069f8                async_context_base_remove_when_pending_worker
 .text.async_context_base_remove_ready_at_time_worker
                0x10006a14       0x7c CMakeFiles/blink.dir/C_/Users/tjwar/.pico-sdk/sdk/2.0.0/src/rp2_common/pico_async_context/async_context_base.c.obj
                0x10006a14                async_context_base_remove_ready_at_time_worker
 .text.async_context_base_refresh_next_timeout
                0x10006a90       0x48 CMakeFiles/blink.dir/C_/Users/tjwar/.pico-sdk/sdk/2.0.0/src/rp2_common/pico_async_context/async_context_base.c.obj
                0x10006a90                async_context_base_refresh_next_timeout
 .text.async_context_base_execute_once
                0x10006ad8       0x40 CMakeFiles/blink.dir/C_/Users/tjwar/.pico-sdk/sdk/2.0.0/src/rp2_common/pico_async_context/async_context_base.c.obj
                0x10006ad8                async_context_base_execute_once
 .text.memcmp   0x10006b18       0x48 C:/Users/tjwar/.pico-sdk/toolchain/13_2_Rel1/bin/../lib/gcc/arm-none-eabi/13.2.1/thumb/v6-m/nofp\libg.a(libc_a-memcmp.o)
                0x10006b18                memcmp
 .text.memmove  0x10006b60       0xb0 C:/Users/tjwar/.pico-sdk/toolchain/13_2_Rel1/bin/../lib/gcc/arm-none-eabi/13.2.1/thumb/v6-m/nofp\libg.a(libc_a-memmove.o)
                0x10006b60                memmove
 .text.strncmp  0x10006c10       0x74 C:/Users/tjwar/.pico-sdk/toolchain/13_2_Rel1/bin/../lib/gcc/arm-none-eabi/13.2.1/thumb/v6-m/nofp\libg.a(libc_a-strncmp.o)
                0x10006c10                strncmp
 .text.strlen   0x10006c84       0x5c C:/Users/tjwar/.pico-sdk/toolchain/13_2_Rel1/bin/../lib/gcc/arm-none-eabi/13.2.1/thumb/v6-m/nofp\libg.a(libc_a-strlen-stub.o)
                0x10006c84                strlen
 *(.fini)
 .fini          0x10006ce0        0x4 C:/Users/tjwar/.pico-sdk/toolchain/13_2_Rel1/bin/../lib/gcc/arm-none-eabi/13.2.1/thumb/v6-m/nofp/crti.o
                0x10006ce0                _fini
 *fill*         0x10006ce4        0x4 
 .fini.__stub   0x10006ce8       0xa0 linker stubs
 *crtbegin.o(.ctors)
 *crtbegin?.o(.ctors)
 *(EXCLUDE_FILE(*crtend.o *crtend?.o) .ctors)
 *(SORT_BY_NAME(.ctors.*))
 *(.ctors)
 *crtbegin.o(.dtors)
 *crtbegin?.o(.dtors)
 *(EXCLUDE_FILE(*crtend.o *crtend?.o) .dtors)
 *(SORT_BY_NAME(.dtors.*))
 *(.dtors)
                0x10006d88                        . = ALIGN (0x4)
                0x10006d88                        PROVIDE (__preinit_array_start = .)
 *(SORT_BY_NAME(.preinit_array.*))
 .preinit_array.00100
                0x10006d88        0x4 CMakeFiles/blink.dir/C_/Users/tjwar/.pico-sdk/sdk/2.0.0/src/rp2_common/pico_runtime_init/runtime_init.c.obj
                0x10006d88                __pre_init_runtime_init_early_resets
 .preinit_array.00101
                0x10006d8c        0x4 CMakeFiles/blink.dir/C_/Users/tjwar/.pico-sdk/sdk/2.0.0/src/rp2_common/pico_runtime_init/runtime_init.c.obj
                0x10006d8c                __pre_init_runtime_init_usb_power_down
 .preinit_array.00275
                0x10006d90        0x4 CMakeFiles/blink.dir/C_/Users/tjwar/.pico-sdk/sdk/2.0.0/src/rp2_common/pico_bit_ops/bit_ops_aeabi.S.obj
 .preinit_array.00300
                0x10006d94        0x4 CMakeFiles/blink.dir/C_/Users/tjwar/.pico-sdk/sdk/2.0.0/src/rp2_common/pico_mem_ops/mem_ops_aeabi.S.obj
 .preinit_array.00350
                0x10006d98        0x4 CMakeFiles/blink.dir/C_/Users/tjwar/.pico-sdk/sdk/2.0.0/src/rp2_common/pico_double/double_aeabi_rp2040.S.obj
 .preinit_array.00350
                0x10006d9c        0x4 CMakeFiles/blink.dir/C_/Users/tjwar/.pico-sdk/sdk/2.0.0/src/rp2_common/pico_float/float_aeabi_rp2040.S.obj
 .preinit_array.00500
                0x10006da0        0x4 CMakeFiles/blink.dir/C_/Users/tjwar/.pico-sdk/sdk/2.0.0/src/rp2_common/pico_runtime_init/runtime_init.c.obj
                0x10006da0                __pre_init_runtime_init_clocks
 .preinit_array.00600
                0x10006da4        0x4 CMakeFiles/blink.dir/C_/Users/tjwar/.pico-sdk/sdk/2.0.0/src/rp2_common/pico_runtime_init/runtime_init.c.obj
                0x10006da4                __pre_init_runtime_init_post_clock_resets
 .preinit_array.00700
                0x10006da8        0x4 CMakeFiles/blink.dir/C_/Users/tjwar/.pico-sdk/sdk/2.0.0/src/rp2_common/pico_runtime_init/runtime_init.c.obj
                0x10006da8                __pre_init_runtime_init_rp2040_gpio_ie_disable
 .preinit_array.01000
                0x10006dac        0x4 CMakeFiles/blink.dir/C_/Users/tjwar/.pico-sdk/sdk/2.0.0/src/rp2_common/pico_runtime_init/runtime_init.c.obj
                0x10006dac                __pre_init_runtime_init_spin_locks_reset
 .preinit_array.01100
                0x10006db0        0x4 CMakeFiles/blink.dir/C_/Users/tjwar/.pico-sdk/sdk/2.0.0/src/common/pico_sync/mutex.c.obj
                0x10006db0                __pre_init_runtime_init_mutex
 .preinit_array.10080
                0x10006db4        0x4 CMakeFiles/blink.dir/C_/Users/tjwar/.pico-sdk/sdk/2.0.0/src/rp2_common/pico_runtime_init/runtime_init.c.obj
                0x10006db4                __pre_init_runtime_init_install_ram_vector_table
 .preinit_array.11000
                0x10006db8        0x4 CMakeFiles/blink.dir/C_/Users/tjwar/.pico-sdk/sdk/2.0.0/src/common/pico_time/time.c.obj
                0x10006db8                __pre_init_runtime_init_default_alarm_pool
 .preinit_array.YYYYY
                0x10006dbc        0x4 CMakeFiles/blink.dir/C_/Users/tjwar/.pico-sdk/sdk/2.0.0/src/rp2_common/pico_runtime/runtime.c.obj
                0x10006dbc                __pre_init_first_per_core_initializer
 .preinit_array.ZZZZZ.01200
                0x10006dc0        0x4 CMakeFiles/blink.dir/C_/Users/tjwar/.pico-sdk/sdk/2.0.0/src/rp2_common/hardware_irq/irq.c.obj
                0x10006dc0                __pre_init_runtime_init_per_core_irq_priorities
 *(.preinit_array)
                0x10006dc4                        PROVIDE (__preinit_array_end = .)
                0x10006dc4                        . = ALIGN (0x4)
                0x10006dc4                        PROVIDE (__init_array_start = .)
 *(SORT_BY_NAME(.init_array.*))
 *(.init_array)
 .init_array    0x10006dc4        0x4 C:/Users/tjwar/.pico-sdk/toolchain/13_2_Rel1/bin/../lib/gcc/arm-none-eabi/13.2.1/thumb/v6-m/nofp/crtbegin.o
 .init_array    0x10006dc8        0x4 CMakeFiles/blink.dir/C_/Users/tjwar/.pico-sdk/sdk/2.0.0/src/rp2_common/pico_unique_id/unique_id.c.obj
                0x10006dcc                        PROVIDE (__init_array_end = .)
                0x10006dcc                        . = ALIGN (0x4)
                [!provide]                        PROVIDE (__fini_array_start = .)
 *(SORT_BY_NAME(.fini_array.*))
 *(.fini_array)
                [!provide]                        PROVIDE (__fini_array_end = .)
 *(.eh_frame*)
 .eh_frame      0x10006dcc        0x0 C:/Users/tjwar/.pico-sdk/toolchain/13_2_Rel1/bin/../lib/gcc/arm-none-eabi/13.2.1/thumb/v6-m/nofp/crtbegin.o
                0x10006dcc                        . = ALIGN (0x4)

.glue_7         0x10006dcc        0x0
 .glue_7        0x10006dcc        0x0 linker stubs

.glue_7t        0x10006dcc        0x0
 .glue_7t       0x10006dcc        0x0 linker stubs

.vfp11_veneer   0x10006dcc        0x0
 .vfp11_veneer  0x10006dcc        0x0 linker stubs

.v4_bx          0x10006dcc        0x0
 .v4_bx         0x10006dcc        0x0 linker stubs

.iplt           0x10006dcc        0x0
 .iplt          0x10006dcc        0x0 C:/Users/tjwar/.pico-sdk/toolchain/13_2_Rel1/bin/../lib/gcc/arm-none-eabi/13.2.1/thumb/v6-m/nofp/crtbegin.o

.rodata         0x10006dd0    0x39410
 *(EXCLUDE_FILE(*libm.a: *libc.a:*lib_a-mem*.o *libgcc.a:) .rodata*)
 .rodata.main.str1.4
                0x10006dd0     0x1746 CMakeFiles/blink.dir/blink.c.obj
                                 0x3e (size before relaxing)
 *fill*         0x10008516        0x2 
 .rodata.__func__.0
                0x10008518        0x5 CMakeFiles/blink.dir/blink.c.obj
 .rodata.gpio_add_raw_irq_handler_with_order_priority_masked.str1.4
                0x1000851d       0x73 CMakeFiles/blink.dir/C_/Users/tjwar/.pico-sdk/sdk/2.0.0/src/rp2_common/hardware_gpio/gpio.c.obj
 .rodata.gpio_remove_raw_irq_handler_masked.str1.4
                0x1000851d       0x29 CMakeFiles/blink.dir/C_/Users/tjwar/.pico-sdk/sdk/2.0.0/src/rp2_common/hardware_gpio/gpio.c.obj
 .rodata.gpio_set_irq_enabled.str1.4
                0x1000851d       0x55 CMakeFiles/blink.dir/C_/Users/tjwar/.pico-sdk/sdk/2.0.0/src/rp2_common/hardware_gpio/gpio.c.obj
 *fill*         0x1000851d        0x3 
 .rodata.__func__.1
                0x10008520       0x23 CMakeFiles/blink.dir/C_/Users/tjwar/.pico-sdk/sdk/2.0.0/src/rp2_common/hardware_gpio/gpio.c.obj
 *fill*         0x10008543        0x1 
 .rodata.__func__.3
                0x10008544       0x34 CMakeFiles/blink.dir/C_/Users/tjwar/.pico-sdk/sdk/2.0.0/src/rp2_common/hardware_gpio/gpio.c.obj
 .rodata.__func__.4
                0x10008578       0x15 CMakeFiles/blink.dir/C_/Users/tjwar/.pico-sdk/sdk/2.0.0/src/rp2_common/hardware_gpio/gpio.c.obj
 .rodata.panic.str1.4
                0x1000858d       0x12 CMakeFiles/blink.dir/C_/Users/tjwar/.pico-sdk/sdk/2.0.0/src/rp2_common/pico_platform_panic/panic.c.obj
 .rodata.hw_claim_clear.str1.4
                0x1000858d       0x65 CMakeFiles/blink.dir/C_/Users/tjwar/.pico-sdk/sdk/2.0.0/src/common/hardware_claim/claim.c.obj
 *fill*         0x1000858d        0x3 
 .rodata.__func__.0
                0x10008590        0xf CMakeFiles/blink.dir/C_/Users/tjwar/.pico-sdk/sdk/2.0.0/src/common/hardware_claim/claim.c.obj
 .rodata.resolve_j_16.str1.4
                0x1000859f       0x5d CMakeFiles/blink.dir/C_/Users/tjwar/.pico-sdk/sdk/2.0.0/src/rp2_common/hardware_irq/irq.c.obj
 .rodata.make_j_16.str1.4
                0x1000859f       0x30 CMakeFiles/blink.dir/C_/Users/tjwar/.pico-sdk/sdk/2.0.0/src/rp2_common/hardware_irq/irq.c.obj
 .rodata.insert_bl_32.str1.4
                0x1000859f       0x10 CMakeFiles/blink.dir/C_/Users/tjwar/.pico-sdk/sdk/2.0.0/src/rp2_common/hardware_irq/irq.c.obj
 .rodata.irq_set_exclusive_handler.str1.4
                0x1000859f       0x36 CMakeFiles/blink.dir/C_/Users/tjwar/.pico-sdk/sdk/2.0.0/src/rp2_common/hardware_irq/irq.c.obj
 .rodata.irq_add_shared_handler.str1.4
                0x1000859f       0xd2 CMakeFiles/blink.dir/C_/Users/tjwar/.pico-sdk/sdk/2.0.0/src/rp2_common/hardware_irq/irq.c.obj
 .rodata.irq_remove_handler.str1.4
                0x1000859f       0x3a CMakeFiles/blink.dir/C_/Users/tjwar/.pico-sdk/sdk/2.0.0/src/rp2_common/hardware_irq/irq.c.obj
 .rodata.irq_add_tail_to_free_list.str1.4
                0x1000859f       0x3a CMakeFiles/blink.dir/C_/Users/tjwar/.pico-sdk/sdk/2.0.0/src/rp2_common/hardware_irq/irq.c.obj
 .rodata.user_irq_claim_unused.str1.4
                0x1000859f       0x1b CMakeFiles/blink.dir/C_/Users/tjwar/.pico-sdk/sdk/2.0.0/src/rp2_common/hardware_irq/irq.c.obj
 *fill*         0x1000859f        0x1 
 .rodata.__func__.0
                0x100085a0       0x1a CMakeFiles/blink.dir/C_/Users/tjwar/.pico-sdk/sdk/2.0.0/src/rp2_common/hardware_irq/irq.c.obj
 *fill*         0x100085ba        0x2 
 .rodata.__func__.1
                0x100085bc        0xd CMakeFiles/blink.dir/C_/Users/tjwar/.pico-sdk/sdk/2.0.0/src/rp2_common/hardware_irq/irq.c.obj
 *fill*         0x100085c9        0x3 
 .rodata.__func__.2
                0x100085cc       0x13 CMakeFiles/blink.dir/C_/Users/tjwar/.pico-sdk/sdk/2.0.0/src/rp2_common/hardware_irq/irq.c.obj
 *fill*         0x100085df        0x1 
 .rodata.__func__.3
                0x100085e0        0xa CMakeFiles/blink.dir/C_/Users/tjwar/.pico-sdk/sdk/2.0.0/src/rp2_common/hardware_irq/irq.c.obj
 *fill*         0x100085ea        0x2 
 .rodata.__func__.4
                0x100085ec        0xd CMakeFiles/blink.dir/C_/Users/tjwar/.pico-sdk/sdk/2.0.0/src/rp2_common/hardware_irq/irq.c.obj
 *fill*         0x100085f9        0x3 
 .rodata.__func__.5
                0x100085fc       0x17 CMakeFiles/blink.dir/C_/Users/tjwar/.pico-sdk/sdk/2.0.0/src/rp2_common/hardware_irq/irq.c.obj
 *fill*         0x10008613        0x1 
 .rodata.__func__.6
                0x10008614       0x1a CMakeFiles/blink.dir/C_/Users/tjwar/.pico-sdk/sdk/2.0.0/src/rp2_common/hardware_irq/irq.c.obj
 .rodata.runtime_init_mutex.str1.4
                0x1000862e       0x60 CMakeFiles/blink.dir/C_/Users/tjwar/.pico-sdk/sdk/2.0.0/src/common/pico_sync/mutex.c.obj
 .rodata.str1.4
                0x1000862e       0x51 CMakeFiles/blink.dir/C_/Users/tjwar/.pico-sdk/sdk/2.0.0/src/common/pico_sync/mutex.c.obj
 *fill*         0x1000862e        0x2 
 .rodata.__func__.0
                0x10008630       0x15 CMakeFiles/blink.dir/C_/Users/tjwar/.pico-sdk/sdk/2.0.0/src/common/pico_sync/mutex.c.obj
 *fill*         0x10008645        0x3 
 .rodata.__func__.1
                0x10008648        0xb CMakeFiles/blink.dir/C_/Users/tjwar/.pico-sdk/sdk/2.0.0/src/common/pico_sync/mutex.c.obj
 *fill*         0x10008653        0x1 
 .rodata.__func__.3
                0x10008654       0x18 CMakeFiles/blink.dir/C_/Users/tjwar/.pico-sdk/sdk/2.0.0/src/common/pico_sync/mutex.c.obj
 .rodata.__func__.4
                0x1000866c       0x1a CMakeFiles/blink.dir/C_/Users/tjwar/.pico-sdk/sdk/2.0.0/src/common/pico_sync/mutex.c.obj
 *fill*         0x10008686        0x2 
 .rodata.__func__.5
                0x10008688       0x1f CMakeFiles/blink.dir/C_/Users/tjwar/.pico-sdk/sdk/2.0.0/src/common/pico_sync/mutex.c.obj
 *fill*         0x100086a7        0x1 
 .rodata.__func__.6
                0x100086a8       0x13 CMakeFiles/blink.dir/C_/Users/tjwar/.pico-sdk/sdk/2.0.0/src/common/pico_sync/mutex.c.obj
 .rodata.alarm_pool_irq_handler.str1.4
                0x100086bb       0x6b CMakeFiles/blink.dir/C_/Users/tjwar/.pico-sdk/sdk/2.0.0/src/common/pico_time/time.c.obj
 .rodata.alarm_pool_get_default.str1.4
                0x100086bb       0x21 CMakeFiles/blink.dir/C_/Users/tjwar/.pico-sdk/sdk/2.0.0/src/common/pico_time/time.c.obj
 .rodata.sleep_until.str1.4
                0x100086bb       0x4d CMakeFiles/blink.dir/C_/Users/tjwar/.pico-sdk/sdk/2.0.0/src/common/pico_time/time.c.obj
 *fill*         0x100086bb        0x1 
 .rodata.__func__.1
                0x100086bc       0x17 CMakeFiles/blink.dir/C_/Users/tjwar/.pico-sdk/sdk/2.0.0/src/common/pico_time/time.c.obj
 *fill*         0x100086d3        0x1 
 .rodata.__func__.2
                0x100086d4       0x17 CMakeFiles/blink.dir/C_/Users/tjwar/.pico-sdk/sdk/2.0.0/src/common/pico_time/time.c.obj
 *fill*         0x100086eb        0x5 
 .rodata.at_the_end_of_time
                0x100086f0        0x8 CMakeFiles/blink.dir/C_/Users/tjwar/.pico-sdk/sdk/2.0.0/src/common/pico_time/time.c.obj
                0x100086f0                at_the_end_of_time
 .rodata.timer_hardware_alarm_claim.str1.4
                0x100086f8       0x22 CMakeFiles/blink.dir/C_/Users/tjwar/.pico-sdk/sdk/2.0.0/src/rp2_common/hardware_timer/timer.c.obj
 .rodata.pll_init.str1.4
                0x100086f8      0x11c CMakeFiles/blink.dir/C_/Users/tjwar/.pico-sdk/sdk/2.0.0/src/rp2_common/hardware_pll/pll.c.obj
 .rodata.__func__.0
                0x100086f8        0x9 CMakeFiles/blink.dir/C_/Users/tjwar/.pico-sdk/sdk/2.0.0/src/rp2_common/hardware_pll/pll.c.obj
 .rodata.missing_double_func_shim.str1.4
                0x10008701       0x18 CMakeFiles/blink.dir/C_/Users/tjwar/.pico-sdk/sdk/2.0.0/src/rp2_common/pico_double/double_init_rom_rp2040.c.obj
 .rodata.__aeabi_double_init.str1.4
                0x10008701       0x9b CMakeFiles/blink.dir/C_/Users/tjwar/.pico-sdk/sdk/2.0.0/src/rp2_common/pico_double/double_init_rom_rp2040.c.obj
 *fill*         0x10008701        0x3 
 .rodata.__func__.0
                0x10008704       0x14 CMakeFiles/blink.dir/C_/Users/tjwar/.pico-sdk/sdk/2.0.0/src/rp2_common/pico_double/double_init_rom_rp2040.c.obj
 .rodata.missing_float_func_shim.str1.4
                0x10008718        0x1 CMakeFiles/blink.dir/C_/Users/tjwar/.pico-sdk/sdk/2.0.0/src/rp2_common/pico_float/float_init_rom_rp2040.c.obj
 .rodata.__aeabi_float_init.str1.4
                0x10008718       0x89 CMakeFiles/blink.dir/C_/Users/tjwar/.pico-sdk/sdk/2.0.0/src/rp2_common/pico_float/float_init_rom_rp2040.c.obj
 .rodata.__func__.0
                0x10008718       0x13 CMakeFiles/blink.dir/C_/Users/tjwar/.pico-sdk/sdk/2.0.0/src/rp2_common/pico_float/float_init_rom_rp2040.c.obj
 .rodata.str1.4
                0x1000872b       0x2c CMakeFiles/blink.dir/C_/Users/tjwar/.pico-sdk/sdk/2.0.0/src/rp2_common/pico_standard_binary_info/standard_binary_info.c.obj
 *fill*         0x1000872b        0x1 
 .rodata.__bi_84
                0x1000872c        0xc CMakeFiles/blink.dir/C_/Users/tjwar/.pico-sdk/sdk/2.0.0/src/rp2_common/pico_standard_binary_info/standard_binary_info.c.obj
 .rodata.__bi_54
                0x10008738        0xc CMakeFiles/blink.dir/C_/Users/tjwar/.pico-sdk/sdk/2.0.0/src/rp2_common/pico_standard_binary_info/standard_binary_info.c.obj
 .rodata.__bi_48
                0x10008744        0xc CMakeFiles/blink.dir/C_/Users/tjwar/.pico-sdk/sdk/2.0.0/src/rp2_common/pico_standard_binary_info/standard_binary_info.c.obj
 .rodata.__bi_42
                0x10008750        0xc CMakeFiles/blink.dir/C_/Users/tjwar/.pico-sdk/sdk/2.0.0/src/rp2_common/pico_standard_binary_info/standard_binary_info.c.obj
 .rodata.__bi_34
                0x1000875c        0xc CMakeFiles/blink.dir/C_/Users/tjwar/.pico-sdk/sdk/2.0.0/src/rp2_common/pico_standard_binary_info/standard_binary_info.c.obj
 .rodata.__bi_26
                0x10008768        0xc CMakeFiles/blink.dir/C_/Users/tjwar/.pico-sdk/sdk/2.0.0/src/rp2_common/pico_standard_binary_info/standard_binary_info.c.obj
 .rodata._ftoa.str1.4
                0x10008774       0x15 CMakeFiles/blink.dir/C_/Users/tjwar/.pico-sdk/sdk/2.0.0/src/rp2_common/pico_printf/printf.c.obj
 .rodata._vsnprintf
                0x10008774      0x19c CMakeFiles/blink.dir/C_/Users/tjwar/.pico-sdk/sdk/2.0.0/src/rp2_common/pico_printf/printf.c.obj
 .rodata.pow10.0
                0x10008910       0x50 CMakeFiles/blink.dir/C_/Users/tjwar/.pico-sdk/sdk/2.0.0/src/rp2_common/pico_printf/printf.c.obj
 .rodata.__assert_func.str1.4
                0x10008960       0x43 CMakeFiles/blink.dir/C_/Users/tjwar/.pico-sdk/sdk/2.0.0/src/rp2_common/pico_clib_interface/newlib_interface.c.obj
 .rodata.crlf_str.0
                0x10008960        0x2 CMakeFiles/blink.dir/C_/Users/tjwar/.pico-sdk/sdk/2.0.0/src/rp2_common/pico_stdio/stdio.c.obj
 .rodata.str1.4
                0x10008962      0x199 CMakeFiles/blink.dir/C_/Users/tjwar/.pico-sdk/sdk/2.0.0/src/rp2_common/hardware_flash/flash.c.obj
 *fill*         0x10008962        0x2 
 .rodata.__func__.0
                0x10008964        0xd CMakeFiles/blink.dir/C_/Users/tjwar/.pico-sdk/sdk/2.0.0/src/rp2_common/hardware_flash/flash.c.obj
 .rodata.channel_config_set_chain_to.str1.4
                0x10008971       0x76 CMakeFiles/blink.dir/C_/Users/tjwar/.pico-sdk/sdk/2.0.0/src/rp2_common/pico_cyw43_driver/cyw43_bus_pio_spi.c.obj
 .rodata.channel_config_set_dreq.str1.4
                0x10008971       0x13 CMakeFiles/blink.dir/C_/Users/tjwar/.pico-sdk/sdk/2.0.0/src/rp2_common/pico_cyw43_driver/cyw43_bus_pio_spi.c.obj
 .rodata.cyw43_spi_init.str1.4
                0x10008971       0x68 CMakeFiles/blink.dir/C_/Users/tjwar/.pico-sdk/sdk/2.0.0/src/rp2_common/pico_cyw43_driver/cyw43_bus_pio_spi.c.obj
 .rodata.cyw43_spi_transfer.str1.4
                0x10008971       0x79 CMakeFiles/blink.dir/C_/Users/tjwar/.pico-sdk/sdk/2.0.0/src/rp2_common/pico_cyw43_driver/cyw43_bus_pio_spi.c.obj
 .rodata.read_reg_u32_swap.str1.4
                0x10008971       0x19 CMakeFiles/blink.dir/C_/Users/tjwar/.pico-sdk/sdk/2.0.0/src/rp2_common/pico_cyw43_driver/cyw43_bus_pio_spi.c.obj
 .rodata.cyw43_read_bytes.str1.4
                0x10008971       0xe6 CMakeFiles/blink.dir/C_/Users/tjwar/.pico-sdk/sdk/2.0.0/src/rp2_common/pico_cyw43_driver/cyw43_bus_pio_spi.c.obj
 .rodata.cyw43_write_bytes.str1.4
                0x10008971       0x59 CMakeFiles/blink.dir/C_/Users/tjwar/.pico-sdk/sdk/2.0.0/src/rp2_common/pico_cyw43_driver/cyw43_bus_pio_spi.c.obj
 *fill*         0x10008971        0x3 
 .rodata.__func__.0
                0x10008974       0x12 CMakeFiles/blink.dir/C_/Users/tjwar/.pico-sdk/sdk/2.0.0/src/rp2_common/pico_cyw43_driver/cyw43_bus_pio_spi.c.obj
 *fill*         0x10008986        0x2 
 .rodata.__func__.1
                0x10008988       0x11 CMakeFiles/blink.dir/C_/Users/tjwar/.pico-sdk/sdk/2.0.0/src/rp2_common/pico_cyw43_driver/cyw43_bus_pio_spi.c.obj
 *fill*         0x10008999        0x3 
 .rodata.__func__.2
                0x1000899c       0x12 CMakeFiles/blink.dir/C_/Users/tjwar/.pico-sdk/sdk/2.0.0/src/rp2_common/pico_cyw43_driver/cyw43_bus_pio_spi.c.obj
 *fill*         0x100089ae        0x2 
 .rodata.__func__.3
                0x100089b0       0x18 CMakeFiles/blink.dir/C_/Users/tjwar/.pico-sdk/sdk/2.0.0/src/rp2_common/pico_cyw43_driver/cyw43_bus_pio_spi.c.obj
 .rodata.__func__.6
                0x100089c8       0x1c CMakeFiles/blink.dir/C_/Users/tjwar/.pico-sdk/sdk/2.0.0/src/rp2_common/pico_cyw43_driver/cyw43_bus_pio_spi.c.obj
 .rodata.__func__.7
                0x100089e4       0x13 CMakeFiles/blink.dir/C_/Users/tjwar/.pico-sdk/sdk/2.0.0/src/rp2_common/pico_cyw43_driver/cyw43_bus_pio_spi.c.obj
 *fill*         0x100089f7        0x1 
 .rodata.__func__.8
                0x100089f8        0xf CMakeFiles/blink.dir/C_/Users/tjwar/.pico-sdk/sdk/2.0.0/src/rp2_common/pico_cyw43_driver/cyw43_bus_pio_spi.c.obj
 *fill*         0x10008a07        0x1 
 .rodata.spi_gap01_sample0_program
                0x10008a08        0x8 CMakeFiles/blink.dir/C_/Users/tjwar/.pico-sdk/sdk/2.0.0/src/rp2_common/pico_cyw43_driver/cyw43_bus_pio_spi.c.obj
 .rodata.spi_gap01_sample0_program_instructions
                0x10008a10        0xc CMakeFiles/blink.dir/C_/Users/tjwar/.pico-sdk/sdk/2.0.0/src/rp2_common/pico_cyw43_driver/cyw43_bus_pio_spi.c.obj
 .rodata        0x10008a1c        0x8 CMakeFiles/blink.dir/C_/Users/tjwar/.pico-sdk/sdk/2.0.0/src/rp2_common/pico_cyw43_driver/cyw43_bus_pio_spi.c.obj
 .rodata.sdpcm_process_rx_packet.str1.4
                0x10008a24      0x127 CMakeFiles/blink.dir/C_/Users/tjwar/.pico-sdk/sdk/2.0.0/lib/cyw43-driver/src/cyw43_ll.c.obj
 .rodata.cyw43_kso_set.str1.4
                0x10008a24       0x23 CMakeFiles/blink.dir/C_/Users/tjwar/.pico-sdk/sdk/2.0.0/lib/cyw43-driver/src/cyw43_ll.c.obj
 .rodata.cyw43_read_reg.str1.4
                0x10008a24       0x6a CMakeFiles/blink.dir/C_/Users/tjwar/.pico-sdk/sdk/2.0.0/lib/cyw43-driver/src/cyw43_ll.c.obj
 .rodata.disable_device_core.str1.4
                0x10008a24       0x1a CMakeFiles/blink.dir/C_/Users/tjwar/.pico-sdk/sdk/2.0.0/lib/cyw43-driver/src/cyw43_ll.c.obj
 .rodata.device_core_is_up.str1.4
                0x10008a24       0x14 CMakeFiles/blink.dir/C_/Users/tjwar/.pico-sdk/sdk/2.0.0/lib/cyw43-driver/src/cyw43_ll.c.obj
 .rodata.cyw43_download_resource.str1.4
                0x10008a24       0x6a CMakeFiles/blink.dir/C_/Users/tjwar/.pico-sdk/sdk/2.0.0/lib/cyw43-driver/src/cyw43_ll.c.obj
 .rodata.cyw43_check_valid_chipset_firmware.str1.4
                0x10008a24       0x32 CMakeFiles/blink.dir/C_/Users/tjwar/.pico-sdk/sdk/2.0.0/lib/cyw43-driver/src/cyw43_ll.c.obj
 .rodata.cyw43_ll_sdpcm_poll_device.str1.4
                0x10008a24       0x91 CMakeFiles/blink.dir/C_/Users/tjwar/.pico-sdk/sdk/2.0.0/lib/cyw43-driver/src/cyw43_ll.c.obj
 .rodata.cyw43_ll_process_packets.str1.4
                0x10008a24       0x1a CMakeFiles/blink.dir/C_/Users/tjwar/.pico-sdk/sdk/2.0.0/lib/cyw43-driver/src/cyw43_ll.c.obj
 .rodata.cyw43_ll_process_packets
                0x10008a24       0x30 CMakeFiles/blink.dir/C_/Users/tjwar/.pico-sdk/sdk/2.0.0/lib/cyw43-driver/src/cyw43_ll.c.obj
 .rodata.cyw43_sdpcm_send_common.str1.4
                0x10008a54       0x22 CMakeFiles/blink.dir/C_/Users/tjwar/.pico-sdk/sdk/2.0.0/lib/cyw43-driver/src/cyw43_ll.c.obj
 .rodata.cyw43_do_ioctl.str1.4
                0x10008a54       0x53 CMakeFiles/blink.dir/C_/Users/tjwar/.pico-sdk/sdk/2.0.0/lib/cyw43-driver/src/cyw43_ll.c.obj
 .rodata.cyw43_clm_load.str1.4
                0x10008a54       0x18 CMakeFiles/blink.dir/C_/Users/tjwar/.pico-sdk/sdk/2.0.0/lib/cyw43-driver/src/cyw43_ll.c.obj
 .rodata.cyw43_ll_wifi_on.str1.4
                0x10008a54       0x52 CMakeFiles/blink.dir/C_/Users/tjwar/.pico-sdk/sdk/2.0.0/lib/cyw43-driver/src/cyw43_ll.c.obj
 .rodata.cyw43_ll_bus_init.str1.4
                0x10008a54       0xc2 CMakeFiles/blink.dir/C_/Users/tjwar/.pico-sdk/sdk/2.0.0/lib/cyw43-driver/src/cyw43_ll.c.obj
 .rodata.cyw43_ll_gpio_set.str1.4
                0x10008a54        0x8 CMakeFiles/blink.dir/C_/Users/tjwar/.pico-sdk/sdk/2.0.0/lib/cyw43-driver/src/cyw43_ll.c.obj
 .rodata.__func__.1
                0x10008a54       0x18 CMakeFiles/blink.dir/C_/Users/tjwar/.pico-sdk/sdk/2.0.0/lib/cyw43-driver/src/cyw43_ll.c.obj
 .rodata.__func__.2
                0x10008a6c       0x10 CMakeFiles/blink.dir/C_/Users/tjwar/.pico-sdk/sdk/2.0.0/lib/cyw43-driver/src/cyw43_ll.c.obj
 .rodata.__func__.3
                0x10008a7c        0xf CMakeFiles/blink.dir/C_/Users/tjwar/.pico-sdk/sdk/2.0.0/lib/cyw43-driver/src/cyw43_ll.c.obj
 *fill*         0x10008a8b        0x1 
 .rodata.w43439A0_7_95_49_00_combined
                0x10008a8c    0x36fd8 CMakeFiles/blink.dir/C_/Users/tjwar/.pico-sdk/sdk/2.0.0/lib/cyw43-driver/src/cyw43_ll.c.obj
 .rodata.wifi_nvram_4343
                0x1003fa64      0x2e7 CMakeFiles/blink.dir/C_/Users/tjwar/.pico-sdk/sdk/2.0.0/lib/cyw43-driver/src/cyw43_ll.c.obj
 *fill*         0x1003fd4b        0x1 
 .rodata        0x1003fd4c       0x7a CMakeFiles/blink.dir/C_/Users/tjwar/.pico-sdk/sdk/2.0.0/lib/cyw43-driver/src/cyw43_ll.c.obj
 .rodata.cyw43_dump_async_event.str1.4
                0x1003fdc6       0x28 CMakeFiles/blink.dir/C_/Users/tjwar/.pico-sdk/sdk/2.0.0/lib/cyw43-driver/src/cyw43_ctrl.c.obj
 .rodata.cyw43_ensure_up.str1.4
                0x1003fdc6       0x98 CMakeFiles/blink.dir/C_/Users/tjwar/.pico-sdk/sdk/2.0.0/lib/cyw43-driver/src/cyw43_ctrl.c.obj
 *fill*         0x1003fdc6        0x2 
 .rodata.cyw43_cb_process_async_event
                0x1003fdc8       0xbc CMakeFiles/blink.dir/C_/Users/tjwar/.pico-sdk/sdk/2.0.0/lib/cyw43-driver/src/cyw43_ctrl.c.obj
 .rodata.__func__.0
                0x1003fe84       0x10 CMakeFiles/blink.dir/C_/Users/tjwar/.pico-sdk/sdk/2.0.0/lib/cyw43-driver/src/cyw43_ctrl.c.obj
 .rodata.str1.4
                0x1003fe94       0x9e CMakeFiles/blink.dir/C_/Users/tjwar/.pico-sdk/sdk/2.0.0/lib/cyw43-driver/src/cyw43_ctrl.c.obj
 .rodata.cyw43_async_event_name_table
                0x1003fe94      0x164 CMakeFiles/blink.dir/C_/Users/tjwar/.pico-sdk/sdk/2.0.0/lib/cyw43-driver/src/cyw43_ctrl.c.obj
 .rodata.find_offset_for_program.str1.4
                0x1003fff8       0x71 CMakeFiles/blink.dir/C_/Users/tjwar/.pico-sdk/sdk/2.0.0/src/rp2_common/hardware_pio/pio.c.obj
 .rodata.pio_claim_unused_sm.str1.4
                0x1003fff8       0x24 CMakeFiles/blink.dir/C_/Users/tjwar/.pico-sdk/sdk/2.0.0/src/rp2_common/hardware_pio/pio.c.obj
 .rodata.pio_remove_program.str1.4
                0x1003fff8       0x4d CMakeFiles/blink.dir/C_/Users/tjwar/.pico-sdk/sdk/2.0.0/src/rp2_common/hardware_pio/pio.c.obj
 .rodata.__func__.0
                0x1003fff8       0x13 CMakeFiles/blink.dir/C_/Users/tjwar/.pico-sdk/sdk/2.0.0/src/rp2_common/hardware_pio/pio.c.obj
 *fill*         0x1004000b        0x1 
 .rodata.__func__.1
                0x1004000c       0x18 CMakeFiles/blink.dir/C_/Users/tjwar/.pico-sdk/sdk/2.0.0/src/rp2_common/hardware_pio/pio.c.obj
 .rodata.dma_claim_unused_channel.str1.4
                0x10040024       0x1e CMakeFiles/blink.dir/C_/Users/tjwar/.pico-sdk/sdk/2.0.0/src/rp2_common/hardware_dma/dma.c.obj
 .rodata.cyw43_sleep_timeout_reached.str1.4
                0x10040024       0x94 CMakeFiles/blink.dir/C_/Users/tjwar/.pico-sdk/sdk/2.0.0/src/rp2_common/pico_cyw43_driver/cyw43_driver.c.obj
 .rodata.cyw43_do_poll.str1.4
                0x10040024       0x3e CMakeFiles/blink.dir/C_/Users/tjwar/.pico-sdk/sdk/2.0.0/src/rp2_common/pico_cyw43_driver/cyw43_driver.c.obj
 .rodata.no_lwip_fail.str1.4
                0x10040024       0x20 CMakeFiles/blink.dir/C_/Users/tjwar/.pico-sdk/sdk/2.0.0/src/rp2_common/pico_cyw43_driver/cyw43_driver.c.obj
 .rodata.cyw43_schedule_internal_poll_dispatch.str1.4
                0x10040024       0x13 CMakeFiles/blink.dir/C_/Users/tjwar/.pico-sdk/sdk/2.0.0/src/rp2_common/pico_cyw43_driver/cyw43_driver.c.obj
 .rodata.cyw43_hal_generate_laa_mac.str1.4
                0x10040024       0x35 CMakeFiles/blink.dir/C_/Users/tjwar/.pico-sdk/sdk/2.0.0/src/rp2_common/pico_cyw43_driver/cyw43_driver.c.obj
 .rodata.__func__.0
                0x10040024       0x14 CMakeFiles/blink.dir/C_/Users/tjwar/.pico-sdk/sdk/2.0.0/src/rp2_common/pico_cyw43_driver/cyw43_driver.c.obj
 .rodata.__func__.1